Component: ARM Compiler 5.05 (build 41) Tool: armlink [4d0eb9]

==============================================================================

Section Cross References

    main.o(i.can_task) refers to _printf_percent.o(.ARM.Collect$$_printf_percent$$00000000) for _printf_percent
    main.o(i.can_task) refers to _printf_d.o(.ARM.Collect$$_printf_percent$$00000009) for _printf_d
    main.o(i.can_task) refers to _printf_dec.o(.text) for _printf_int_dec
    main.o(i.can_task) refers to __2printf.o(.text) for __2printf
    main.o(i.can_task) refers to can.o(i.Can_Send_Msg) for Can_Send_Msg
    main.o(i.can_task) refers to tasks.o(i.vTaskDelay) for vTaskDelay
    main.o(i.can_task) refers to can.o(i.Can_Receive_Msg) for Can_Receive_Msg
    main.o(i.main) refers to misc.o(i.NVIC_PriorityGroupConfig) for NVIC_PriorityGroupConfig
    main.o(i.main) refers to delay.o(i.delay_init) for delay_init
    main.o(i.main) refers to led.o(i.LED_Init) for LED_Init
    main.o(i.main) refers to usart.o(i.Initial_UART1) for Initial_UART1
    main.o(i.main) refers to can.o(i.CAN_Mode_Init) for CAN_Mode_Init
    main.o(i.main) refers to tasks.o(i.xTaskCreate) for xTaskCreate
    main.o(i.main) refers to tasks.o(i.vTaskStartScheduler) for vTaskStartScheduler
    main.o(i.main) refers to main.o(.data) for .data
    main.o(i.main) refers to main.o(i.start_task) for start_task
    main.o(i.start_task) refers to port.o(i.vPortEnterCritical) for vPortEnterCritical
    main.o(i.start_task) refers to tasks.o(i.xTaskCreate) for xTaskCreate
    main.o(i.start_task) refers to tasks.o(i.vTaskDelete) for vTaskDelete
    main.o(i.start_task) refers to port.o(i.vPortExitCritical) for vPortExitCritical
    main.o(i.start_task) refers to main.o(.data) for .data
    main.o(i.start_task) refers to main.o(i.can_task) for can_task
    system_stm32f10x.o(i.SystemCoreClockUpdate) refers to system_stm32f10x.o(.data) for .data
    system_stm32f10x.o(i.SystemInit) refers to system_stm32f10x.o(i.SetSysClockTo72) for SetSysClockTo72
    led.o(i.KEY_Init) refers to stm32f10x_rcc.o(i.RCC_APB2PeriphClockCmd) for RCC_APB2PeriphClockCmd
    led.o(i.KEY_Init) refers to stm32f10x_gpio.o(i.GPIO_Init) for GPIO_Init
    led.o(i.LED_Init) refers to stm32f10x_rcc.o(i.RCC_APB2PeriphClockCmd) for RCC_APB2PeriphClockCmd
    led.o(i.LED_Init) refers to stm32f10x_gpio.o(i.GPIO_Init) for GPIO_Init
    led.o(i.LED_Init) refers to stm32f10x_gpio.o(i.GPIO_SetBits) for GPIO_SetBits
    led.o(i.LED_Init) refers to stm32f10x_gpio.o(i.GPIO_ResetBits) for GPIO_ResetBits
    timer.o(i.TIM3_IRQHandler) refers to stm32f10x_tim.o(i.TIM_GetITStatus) for TIM_GetITStatus
    timer.o(i.TIM3_IRQHandler) refers to __2printf.o(.text) for __2printf
    timer.o(i.TIM3_IRQHandler) refers to stm32f10x_tim.o(i.TIM_ClearITPendingBit) for TIM_ClearITPendingBit
    timer.o(i.TIM3_Int_Init) refers to stm32f10x_rcc.o(i.RCC_APB1PeriphClockCmd) for RCC_APB1PeriphClockCmd
    timer.o(i.TIM3_Int_Init) refers to stm32f10x_tim.o(i.TIM_TimeBaseInit) for TIM_TimeBaseInit
    timer.o(i.TIM3_Int_Init) refers to stm32f10x_tim.o(i.TIM_ITConfig) for TIM_ITConfig
    timer.o(i.TIM3_Int_Init) refers to misc.o(i.NVIC_Init) for NVIC_Init
    timer.o(i.TIM3_Int_Init) refers to stm32f10x_tim.o(i.TIM_Cmd) for TIM_Cmd
    timer.o(i.TIM5_IRQHandler) refers to stm32f10x_tim.o(i.TIM_GetITStatus) for TIM_GetITStatus
    timer.o(i.TIM5_IRQHandler) refers to __2printf.o(.text) for __2printf
    timer.o(i.TIM5_IRQHandler) refers to stm32f10x_tim.o(i.TIM_ClearITPendingBit) for TIM_ClearITPendingBit
    timer.o(i.TIM5_Int_Init) refers to stm32f10x_rcc.o(i.RCC_APB1PeriphClockCmd) for RCC_APB1PeriphClockCmd
    timer.o(i.TIM5_Int_Init) refers to stm32f10x_tim.o(i.TIM_TimeBaseInit) for TIM_TimeBaseInit
    timer.o(i.TIM5_Int_Init) refers to stm32f10x_tim.o(i.TIM_ITConfig) for TIM_ITConfig
    timer.o(i.TIM5_Int_Init) refers to misc.o(i.NVIC_Init) for NVIC_Init
    timer.o(i.TIM5_Int_Init) refers to stm32f10x_tim.o(i.TIM_Cmd) for TIM_Cmd
    stmflash.o(i.STMFLASH_Write) refers to stm32f10x_flash.o(i.FLASH_Unlock) for FLASH_Unlock
    stmflash.o(i.STMFLASH_Write) refers to stmflash.o(i.STMFLASH_Read) for STMFLASH_Read
    stmflash.o(i.STMFLASH_Write) refers to stm32f10x_flash.o(i.FLASH_ErasePage) for FLASH_ErasePage
    stmflash.o(i.STMFLASH_Write) refers to stmflash.o(i.STMFLASH_Write_NoCheck) for STMFLASH_Write_NoCheck
    stmflash.o(i.STMFLASH_Write) refers to stm32f10x_flash.o(i.FLASH_Lock) for FLASH_Lock
    stmflash.o(i.STMFLASH_Write) refers to stmflash.o(.bss) for .bss
    stmflash.o(i.STMFLASH_Write_NoCheck) refers to stm32f10x_flash.o(i.FLASH_ProgramHalfWord) for FLASH_ProgramHalfWord
    stmflash.o(i.Test_Write) refers to stmflash.o(i.STMFLASH_Write) for STMFLASH_Write
    adc.o(i.Adc_Init) refers to stm32f10x_rcc.o(i.RCC_APB2PeriphClockCmd) for RCC_APB2PeriphClockCmd
    adc.o(i.Adc_Init) refers to stm32f10x_rcc.o(i.RCC_ADCCLKConfig) for RCC_ADCCLKConfig
[...]
    ../fplib/trapv.s                         0x00000000   Number         0  trapv.o ABSOLUTE
    ../fplib/usenofp.s                       0x00000000   Number         0  usenofp.o ABSOLUTE
    ../mathlib/fpclassify.c                  0x00000000   Number         0  fpclassify.o ABSOLUTE
    ..\CORE\core_cm3.c                       0x00000000   Number         0  core_cm3.o ABSOLUTE
    ..\CORE\startup_stm32f10x_hd.s           0x00000000   Number         0  startup_stm32f10x_hd.o ABSOLUTE
    ..\FreeRTOS\croutine.c                   0x00000000   Number         0  croutine.o ABSOLUTE
    ..\FreeRTOS\event_groups.c               0x00000000   Number         0  event_groups.o ABSOLUTE
    ..\FreeRTOS\list.c                       0x00000000   Number         0  list.o ABSOLUTE
    ..\FreeRTOS\portable\MemMang\heap_4.c    0x00000000   Number         0  heap_4.o ABSOLUTE
    ..\FreeRTOS\portable\RVDS\ARM_CM3\port.c 0x00000000   Number         0  port.o ABSOLUTE
    ..\FreeRTOS\queue.c                      0x00000000   Number         0  queue.o ABSOLUTE
    ..\FreeRTOS\tasks.c                      0x00000000   Number         0  tasks.o ABSOLUTE
    ..\FreeRTOS\timers.c                     0x00000000   Number         0  timers.o ABSOLUTE
    ..\HARDWARE\ADC\adc.c                    0x00000000   Number         0  adc.o ABSOLUTE
    ..\HARDWARE\AJSR\ajsr.c                  0x00000000   Number         0  ajsr.o ABSOLUTE
    ..\HARDWARE\CAN\can.c                    0x00000000   Number         0  can.o ABSOLUTE
    ..\HARDWARE\DAC\dac.c                    0x00000000   Number         0  dac.o ABSOLUTE
    ..\HARDWARE\LED\led.c                    0x00000000   Number         0  led.o ABSOLUTE
    ..\HARDWARE\STMFLASH\stmflash.c          0x00000000   Number         0  stmflash.o ABSOLUTE
    ..\HARDWARE\TIMER\timer.c                0x00000000   Number         0  timer.o ABSOLUTE
    ..\STM32F10x_FWLib\src\misc.c            0x00000000   Number         0  misc.o ABSOLUTE
    ..\STM32F10x_FWLib\src\stm32f10x_adc.c   0x00000000   Number         0  stm32f10x_adc.o ABSOLUTE
    ..\STM32F10x_FWLib\src\stm32f10x_can.c   0x00000000   Number         0  stm32f10x_can.o ABSOLUTE
    ..\STM32F10x_FWLib\src\stm32f10x_dac.c   0x00000000   Number         0  stm32f10x_dac.o ABSOLUTE
    ..\STM32F10x_FWLib\src\stm32f10x_exti.c  0x00000000   Number         0  stm32f10x_exti.o ABSOLUTE
    ..\STM32F10x_FWLib\src\stm32f10x_flash.c 0x00000000   Number         0  stm32f10x_flash.o ABSOLUTE
    ..\STM32F10x_FWLib\src\stm32f10x_gpio.c  0x00000000   Number         0  stm32f10x_gpio.o ABSOLUTE
    ..\STM32F10x_FWLib\src\stm32f10x_rcc.c   0x00000000   Number         0  stm32f10x_rcc.o ABSOLUTE
    ..\STM32F10x_FWLib\src\stm32f10x_tim.c   0x00000000   Number         0  stm32f10x_tim.o ABSOLUTE
    ..\STM32F10x_FWLib\src\stm32f10x_usart.c 0x00000000   Number         0  stm32f10x_usart.o ABSOLUTE
    ..\SYSTEM\config\config.c                0x00000000   Number         0  config.o ABSOLUTE
    ..\SYSTEM\delay\delay.c                  0x00000000   Number         0  delay.o ABSOLUTE
    ..\SYSTEM\sys\sys.c                      0x00000000   Number         0  sys.o ABSOLUTE
    ..\SYSTEM\usart\usart.c                  0x00000000   Number         0  usart.o ABSOLUTE
    ..\\CORE\\core_cm3.c                     0x00000000   Number         0  core_cm3.o ABSOLUTE
    ..\\FreeRTOS\\portable\\RVDS\\ARM_CM3\\port.c 0x00000000   Number         0  port.o ABSOLUTE
    ..\\SYSTEM\\sys\\sys.c                   0x00000000   Number         0  sys.o ABSOLUTE
    dc.s                                     0x00000000   Number         0  dc.o ABSOLUTE
    main.c                                   0x00000000   Number         0  main.o ABSOLUTE
    stm32f10x_it.c                           0x00000000   Number         0  stm32f10x_it.o ABSOLUTE
    system_stm32f10x.c                       0x00000000   Number         0  system_stm32f10x.o ABSOLUTE
    RESET                                    0x08000000   Section      304  startup_stm32f10x_hd.o(RESET)
    !!!main                                  0x08000130   Section        8  __main.o(!!!main)
    !!!scatter                               0x08000138   Section       52  __scatter.o(!!!scatter)
    !!handler_copy                           0x0800016c   Section       26  __scatter_copy.o(!!handler_copy)
    !!handler_zi                             0x08000188   Section       28  __scatter_zi.o(!!handler_zi)
    .ARM.Collect$$_printf_percent$$00000000  0x080001a4   Section        0  _printf_percent.o(.ARM.Collect$$_printf_percent$$00000000)
    .ARM.Collect$$_printf_percent$$00000009  0x080001a4   Section        6  _printf_d.o(.ARM.Collect$$_printf_percent$$00000009)
    .ARM.Collect$$_printf_percent$$00000014  0x080001aa   Section        6  _printf_s.o(.ARM.Collect$$_printf_percent$$00000014)
    .ARM.Collect$$_printf_percent$$00000017  0x080001b0   Section        4  _printf_percent_end.o(.ARM.Collect$$_printf_percent$$00000017)
    .ARM.Collect$$libinit$$00000000          0x080001b4   Section        2  libinit.o(.ARM.Collect$$libinit$$00000000)
    .ARM.Collect$$libinit$$00000002          0x080001b6   Section        0  libinit2.o(.ARM.Collect$$libinit$$00000002)
    .ARM.Collect$$libinit$$00000004          0x080001b6   Section        0  libinit2.o(.ARM.Collect$$libinit$$00000004)
    .ARM.Collect$$libinit$$0000000A          0x080001b6   Section        0  libinit2.o(.ARM.Collect$$libinit$$0000000A)
    .ARM.Collect$$libinit$$0000000C          0x080001b6   Section        0  libinit2.o(.ARM.Collect$$libinit$$0000000C)
    .ARM.Collect$$libinit$$0000000E          0x080001b6   Section        0  libinit2.o(.ARM.Collect$$libinit$$0000000E)
    .ARM.Collect$$libinit$$00000011          0x080001b6   Section        0  libinit2.o(.ARM.Collect$$libinit$$00000011)
    .ARM.Collect$$libinit$$00000013          0x080001b6   Section        0  libinit2.o(.ARM.Collect$$libinit$$00000013)
    .ARM.Collect$$libinit$$00000015          0x080001b6   Section        0  libinit2.o(.ARM.Collect$$libinit$$00000015)
    .ARM.Collect$$libinit$$00000017          0x080001b6   Section        0  libinit2.o(.ARM.Collect$$libinit$$00000017)
    .ARM.Collect$$libinit$$00000019          0x080001b6   Section        0  libinit2.o(.ARM.Collect$$libinit$$00000019)
    .ARM.Collect$$libinit$$0000001B          0x080001b6   Section        0  libinit2.o(.ARM.Collect$$libinit$$0000001B)
    .ARM.Collect$$libinit$$0000001D          0x080001b6   Section        0  libinit2.o(.ARM.Collect$$libinit$$0000001D)
    .ARM.Collect$$libinit$$0000001F          0x080001b6   Section        0  libinit2.o(.ARM.Collect$$libinit$$0000001F)
    .ARM.Collect$$libinit$$00000021          0x080001b6   Section        0  libinit2.o(.ARM.Collect$$libinit$$00000021)
    .ARM.Collect$$libinit$$00000023          0x080001b6   Section        0  libinit2.o(.ARM.Collect$$libinit$$00000023)
    .ARM.Collect$$libinit$$00000025          0x080001b6   Section        0  libinit2.o(.ARM.Collect$$libinit$$00000025)
    .ARM.Collect$$libinit$$0000002C          0x080001b6   Section        0  libinit2.o(.ARM.Collect$$libinit$$0000002C)
    .ARM.Collect$$libinit$$0000002E          0x080001b6   Section        0  libinit2.o(.ARM.Collect$$libinit$$0000002E)
    .ARM.Collect$$libinit$$00000030          0x080001b6   Section        0  libinit2.o(.ARM.Collect$$libinit$$00000030)
    .ARM.Collect$$libinit$$00000032          0x080001b6   Section        0  libinit2.o(.ARM.Collect$$libinit$$00000032)
    .ARM.Collect$$libinit$$00000033          0x080001b6   Section        2  libinit2.o(.ARM.Collect$$libinit$$00000033)
    .ARM.Collect$$libshutdown$$00000000      0x080001b8   Section        2  libshutdown.o(.ARM.Collect$$libshutdown$$00000000)
    .ARM.Collect$$libshutdown$$00000003      0x080001ba   Section        0  libshutdown2.o(.ARM.Collect$$libshutdown$$00000003)
    .ARM.Collect$$libshutdown$$00000006      0x080001ba   Section        0  libshutdown2.o(.ARM.Collect$$libshutdown$$00000006)
    .ARM.Collect$$libshutdown$$00000009      0x080001ba   Section        0  libshutdown2.o(.ARM.Collect$$libshutdown$$00000009)
    .ARM.Collect$$libshutdown$$0000000B      0x080001ba   Section        0  libshutdown2.o(.ARM.Collect$$libshutdown$$0000000B)
    .ARM.Collect$$libshutdown$$0000000E      0x080001ba   Section        0  libshutdown2.o(.ARM.Collect$$libshutdown$$0000000E)
    .ARM.Collect$$libshutdown$$0000000F      0x080001ba   Section        2  libshutdown2.o(.ARM.Collect$$libshutdown$$0000000F)
    .ARM.Collect$$rtentry$$00000000          0x080001bc   Section        0  __rtentry.o(.ARM.Collect$$rtentry$$00000000)
    .ARM.Collect$$rtentry$$00000002          0x080001bc   Section        0  __rtentry2.o(.ARM.Collect$$rtentry$$00000002)
    .ARM.Collect$$rtentry$$00000004          0x080001bc   Section        6  __rtentry4.o(.ARM.Collect$$rtentry$$00000004)
    .ARM.Collect$$rtentry$$00000009          0x080001c2   Section        0  __rtentry2.o(.ARM.Collect$$rtentry$$00000009)
    .ARM.Collect$$rtentry$$0000000A          0x080001c2   Section        4  __rtentry2.o(.ARM.Collect$$rtentry$$0000000A)
    .ARM.Collect$$rtentry$$0000000C          0x080001c6   Section        0  __rtentry2.o(.ARM.Collect$$rtentry$$0000000C)
    .ARM.Collect$$rtentry$$0000000D          0x080001c6   Section        8  __rtentry2.o(.ARM.Collect$$rtentry$$0000000D)
    .ARM.Collect$$rtexit$$00000000           0x080001ce   Section        2  rtexit.o(.ARM.Collect$$rtexit$$00000000)
    .ARM.Collect$$rtexit$$00000002           0x080001d0   Section        0  rtexit2.o(.ARM.Collect$$rtexit$$00000002)
    .ARM.Collect$$rtexit$$00000003           0x080001d0   Section        4  rtexit2.o(.ARM.Collect$$rtexit$$00000003)
    .ARM.Collect$$rtexit$$00000004           0x080001d4   Section        6  rtexit2.o(.ARM.Collect$$rtexit$$00000004)
    .emb_text                                0x080001dc   Section      150  port.o(.emb_text)
    .text                                    0x08000274   Section       64  startup_stm32f10x_hd.o(.text)
    .text                                    0x080002b4   Section        2  use_no_semi_2.o(.text)
    .text                                    0x080002b8   Section        0  __2printf.o(.text)
    .text                                    0x080002d0   Section        0  _printf_str.o(.text)
    .text                                    0x08000324   Section        0  _printf_dec.o(.text)
    .text                                    0x0800039c   Section        0  __printf_flags_ss_wp.o(.text)
    .text                                    0x08000524   Section      138  rt_memcpy_v6.o(.text)
    .text                                    0x080005ae   Section       16  aeabi_memset.o(.text)
    .text                                    0x080005be   Section        0  heapauxi.o(.text)
    .text                                    0x080005c4   Section        2  use_no_semi.o(.text)
    .text                                    0x080005c6   Section        0  _printf_intcommon.o(.text)
    .text                                    0x08000678   Section        0  _printf_char_common.o(.text)
    _printf_input_char                       0x08000679   Thumb Code    10  _printf_char_common.o(.text)
    .text                                    0x080006a8   Section        0  _printf_char.o(.text)
    .text                                    0x080006d4   Section        0  _printf_char_file.o(.text)
    .text                                    0x080006f8   Section      100  rt_memcpy_w.o(.text)
    .text                                    0x0800075c   Section       68  rt_memclr.o(.text)
    .text                                    0x080007a0   Section        0  ferror.o(.text)
    .text                                    0x080007a8   Section       78  rt_memclr_w.o(.text)
    .text                                    0x080007f6   Section       74  sys_stackheap_outer.o(.text)
    .text                                    0x08000840   Section        0  exit.o(.text)
    .text                                    0x0800084c   Section        8  libspace.o(.text)
    i.BusFault_Handler                       0x08000854   Section        0  stm32f10x_it.o(i.BusFault_Handler)
    i.CAN_FilterInit                         0x08000858   Section        0  stm32f10x_can.o(i.CAN_FilterInit)
    i.CAN_Init                               0x08000924   Section        0  stm32f10x_can.o(i.CAN_Init)
    i.CAN_MessagePending                     0x08000a0c   Section        0  stm32f10x_can.o(i.CAN_MessagePending)
    i.CAN_Mode_Init                          0x08000a24   Section        0  can.o(i.CAN_Mode_Init)
    i.CAN_Receive                            0x08000afc   Section        0  stm32f10x_can.o(i.CAN_Receive)
    i.CAN_Transmit                           0x08000b8a   Section        0  stm32f10x_can.o(i.CAN_Transmit)
    i.CAN_TransmitStatus                     0x08000c30   Section        0  stm32f10x_can.o(i.CAN_TransmitStatus)
    i.Can_Receive_Msg                        0x08000c9c   Section        0  can.o(i.Can_Receive_Msg)
    i.Can_Send_Msg                           0x08000cdc   Section        0  can.o(i.Can_Send_Msg)
    i.DebugMon_Handler                       0x08000d40   Section        0  stm32f10x_it.o(i.DebugMon_Handler)
    i.EXTI6_CMD                              0x08000d42   Section        0  ajsr.o(i.EXTI6_CMD)
    i.EXTI9_5_IRQHandler                     0x08000d84   Section        0  ajsr.o(i.EXTI9_5_IRQHandler)
    i.EXTI_ClearITPendingBit                 0x08000ddc   Section        0  stm32f10x_exti.o(i.EXTI_ClearITPendingBit)
    i.EXTI_GetITStatus                       0x08000de8   Section        0  stm32f10x_exti.o(i.EXTI_GetITStatus)
    i.EXTI_Init                              0x08000e08   Section        0  stm32f10x_exti.o(i.EXTI_Init)
    i.GPIO_Init                              0x08000e78   Section        0  stm32f10x_gpio.o(i.GPIO_Init)
    i.GPIO_PinRemapConfig                    0x08000f14   Section        0  stm32f10x_gpio.o(i.GPIO_PinRemapConfig)
    i.GPIO_ReadInputDataBit                  0x08000f6c   Section        0  stm32f10x_gpio.o(i.GPIO_ReadInputDataBit)
    i.GPIO_ResetBits                         0x08000f7a   Section        0  stm32f10x_gpio.o(i.GPIO_ResetBits)
    i.GPIO_SetBits                           0x08000f7e   Section        0  stm32f10x_gpio.o(i.GPIO_SetBits)
    i.HardFault_Handler                      0x08000f82   Section        0  stm32f10x_it.o(i.HardFault_Handler)
    i.Initial_UART1                          0x08000f84   Section        0  usart.o(i.Initial_UART1)
    i.LED_Init                               0x08001024   Section        0  led.o(i.LED_Init)
    i.MemManage_Handler                      0x08001090   Section        0  stm32f10x_it.o(i.MemManage_Handler)
    i.NMI_Handler                            0x08001092   Section        0  stm32f10x_it.o(i.NMI_Handler)
    i.NVIC_Init                              0x08001094   Section        0  misc.o(i.NVIC_Init)
    i.NVIC_PriorityGroupConfig               0x080010f8   Section        0  misc.o(i.NVIC_PriorityGroupConfig)
    i.RCC_APB1PeriphClockCmd                 0x0800110c   Section        0  stm32f10x_rcc.o(i.RCC_APB1PeriphClockCmd)
    i.RCC_APB2PeriphClockCmd                 0x08001124   Section        0  stm32f10x_rcc.o(i.RCC_APB2PeriphClockCmd)
    i.RCC_GetClocksFreq                      0x0800113c   Section        0  stm32f10x_rcc.o(i.RCC_GetClocksFreq)
    i.SetSysClockTo72                        0x080011d0   Section        0  system_stm32f10x.o(i.SetSysClockTo72)
    SetSysClockTo72                          0x080011d1   Thumb Code   160  system_stm32f10x.o(i.SetSysClockTo72)
    i.SysTick_CLKSourceConfig                0x08001278   Section        0  misc.o(i.SysTick_CLKSourceConfig)
    i.SysTick_Handler                        0x08001290   Section        0  delay.o(i.SysTick_Handler)
    i.SystemInit                             0x080012a4   Section        0  system_stm32f10x.o(i.SystemInit)
    i.TIM3_IRQHandler                        0x080012f4   Section        0  timer.o(i.TIM3_IRQHandler)
    i.TIM5_IRQHandler                        0x08001330   Section        0  timer.o(i.TIM5_IRQHandler)
    i.TIM_ClearITPendingBit                  0x0800136c   Section        0  stm32f10x_tim.o(i.TIM_ClearITPendingBit)
    i.TIM_Cmd                                0x08001372   Section        0  stm32f10x_tim.o(i.TIM_Cmd)
    i.TIM_GetCounter                         0x08001386   Section        0  stm32f10x_tim.o(i.TIM_GetCounter)
    i.TIM_GetITStatus                        0x0800138a   Section        0  stm32f10x_tim.o(i.TIM_GetITStatus)
    i.TIM_SetCounter                         0x080013a2   Section        0  stm32f10x_tim.o(i.TIM_SetCounter)
    i.UART5_IRQHandler                       0x080013a6   Section        0  usart.o(i.UART5_IRQHandler)
    i.USART3_IRQHandler                      0x080013a8   Section        0  ajsr.o(i.USART3_IRQHandler)
    i.USART_ClearITPendingBit                0x08001420   Section        0  stm32f10x_usart.o(i.USART_ClearITPendingBit)
    i.USART_Cmd                              0x0800142c   Section        0  stm32f10x_usart.o(i.USART_Cmd)
    i.USART_GetITStatus                      0x08001440   Section        0  stm32f10x_usart.o(i.USART_GetITStatus)
    i.USART_Init                             0x08001480   Section        0  stm32f10x_usart.o(i.USART_Init)
    i.USART_ReceiveData                      0x0800152c   Section        0  stm32f10x_usart.o(i.USART_ReceiveData)
    i.UsageFault_Handler                     0x08001534   Section        0  stm32f10x_it.o(i.UsageFault_Handler)
    i._is_digit                              0x08001536   Section        0  __printf_wp.o(i._is_digit)
    i._sys_exit                              0x08001544   Section        0  usart.o(i._sys_exit)
    i.can_task                               0x08001548   Section        0  main.o(i.can_task)
    i.delay_init                             0x080015f8   Section        0  delay.o(i.delay_init)
    i.fputc                                  0x08001640   Section        0  usart.o(i.fputc)
    i.main                                   0x08001658   Section        0  main.o(i.main)
    i.prvAddCurrentTaskToDelayedList         0x080016b0   Section        0  tasks.o(i.prvAddCurrentTaskToDelayedList)
    prvAddCurrentTaskToDelayedList           0x080016b1   Thumb Code   102  tasks.o(i.prvAddCurrentTaskToDelayedList)
    i.prvAddNewTaskToReadyList               0x08001720   Section        0  tasks.o(i.prvAddNewTaskToReadyList)
    prvAddNewTaskToReadyList                 0x08001721   Thumb Code   192  tasks.o(i.prvAddNewTaskToReadyList)
    i.prvCheckForValidListAndQueue           0x080017f0   Section        0  timers.o(i.prvCheckForValidListAndQueue)
    prvCheckForValidListAndQueue             0x080017f1   Thumb Code    62  timers.o(i.prvCheckForValidListAndQueue)
    i.prvCheckTasksWaitingTermination        0x08001840   Section        0  tasks.o(i.prvCheckTasksWaitingTermination)
    prvCheckTasksWaitingTermination          0x08001841   Thumb Code    74  tasks.o(i.prvCheckTasksWaitingTermination)
    i.prvCopyDataFromQueue                   0x08001894   Section        0  queue.o(i.prvCopyDataFromQueue)
    prvCopyDataFromQueue                     0x08001895   Thumb Code    38  queue.o(i.prvCopyDataFromQueue)
    i.prvCopyDataToQueue                     0x080018ba   Section        0  queue.o(i.prvCopyDataToQueue)
    prvCopyDataToQueue                       0x080018bb   Thumb Code   108  queue.o(i.prvCopyDataToQueue)
    i.prvDeleteTCB                           0x08001926   Section        0  tasks.o(i.prvDeleteTCB)
    prvDeleteTCB                             0x08001927   Thumb Code    20  tasks.o(i.prvDeleteTCB)
    i.prvHeapInit                            0x0800193c   Section        0  heap_4.o(i.prvHeapInit)
    prvHeapInit                              0x0800193d   Thumb Code    66  heap_4.o(i.prvHeapInit)
    i.prvIdleTask                            0x08001988   Section        0  tasks.o(i.prvIdleTask)
    prvIdleTask                              0x08001989   Thumb Code    30  tasks.o(i.prvIdleTask)
    i.prvInitialiseNewTask                   0x080019b0   Section        0  tasks.o(i.prvInitialiseNewTask)
    prvInitialiseNewTask                     0x080019b1   Thumb Code   154  tasks.o(i.prvInitialiseNewTask)
    i.prvInsertBlockIntoFreeList             0x08001a70   Section        0  heap_4.o(i.prvInsertBlockIntoFreeList)
    prvInsertBlockIntoFreeList               0x08001a71   Thumb Code    72  heap_4.o(i.prvInsertBlockIntoFreeList)
    i.prvInsertTimerInActiveList             0x08001abc   Section        0  timers.o(i.prvInsertTimerInActiveList)
    prvInsertTimerInActiveList               0x08001abd   Thumb Code    52  timers.o(i.prvInsertTimerInActiveList)
    i.prvIsQueueEmpty                        0x08001af4   Section        0  queue.o(i.prvIsQueueEmpty)
    prvIsQueueEmpty                          0x08001af5   Thumb Code    26  queue.o(i.prvIsQueueEmpty)
    i.prvNotifyQueueSetContainer             0x08001b10   Section        0  queue.o(i.prvNotifyQueueSetContainer)
    prvNotifyQueueSetContainer               0x08001b11   Thumb Code   108  queue.o(i.prvNotifyQueueSetContainer)
    i.prvProcessExpiredTimer                 0x08001ba0   Section        0  timers.o(i.prvProcessExpiredTimer)
    prvProcessExpiredTimer                   0x08001ba1   Thumb Code    86  timers.o(i.prvProcessExpiredTimer)
    i.prvProcessReceivedCommands             0x08001c00   Section        0  timers.o(i.prvProcessReceivedCommands)
    prvProcessReceivedCommands               0x08001c01   Thumb Code   196  timers.o(i.prvProcessReceivedCommands)
    i.prvProcessTimerOrBlockTask             0x08001cf0   Section        0  timers.o(i.prvProcessTimerOrBlockTask)
    prvProcessTimerOrBlockTask               0x08001cf1   Thumb Code    98  timers.o(i.prvProcessTimerOrBlockTask)
    i.prvResetNextTaskUnblockTime            0x08001d5c   Section        0  tasks.o(i.prvResetNextTaskUnblockTime)
    prvResetNextTaskUnblockTime              0x08001d5d   Thumb Code    26  tasks.o(i.prvResetNextTaskUnblockTime)
    i.prvSampleTimeNow                       0x08001d7c   Section        0  timers.o(i.prvSampleTimeNow)
    prvSampleTimeNow                         0x08001d7d   Thumb Code    36  timers.o(i.prvSampleTimeNow)
    i.prvSwitchTimerLists                    0x08001da4   Section        0  timers.o(i.prvSwitchTimerLists)
    prvSwitchTimerLists                      0x08001da5   Thumb Code   100  timers.o(i.prvSwitchTimerLists)
    i.prvTaskExitError                       0x08001e10   Section        0  port.o(i.prvTaskExitError)
    prvTaskExitError                         0x08001e11   Thumb Code    34  port.o(i.prvTaskExitError)
    i.prvTimerTask                           0x08001e74   Section        0  timers.o(i.prvTimerTask)
    prvTimerTask                             0x08001e75   Thumb Code    34  timers.o(i.prvTimerTask)
    i.prvUnlockQueue                         0x08001e9c   Section        0  queue.o(i.prvUnlockQueue)
    prvUnlockQueue                           0x08001e9d   Thumb Code   120  queue.o(i.prvUnlockQueue)
    i.pvPortMalloc                           0x08001f14   Section        0  heap_4.o(i.pvPortMalloc)
    i.pvTaskIncrementMutexHeldCount          0x08002028   Section        0  tasks.o(i.pvTaskIncrementMutexHeldCount)
    i.pxPortInitialiseStack                  0x08002040   Section        0  port.o(i.pxPortInitialiseStack)
    i.start_task                             0x08002064   Section        0  main.o(i.start_task)
    i.uxListRemove                           0x080020b4   Section        0  list.o(i.uxListRemove)
    i.vListInitialise                        0x080020d8   Section        0  list.o(i.vListInitialise)
    i.vListInitialiseItem                    0x080020ee   Section        0  list.o(i.vListInitialiseItem)
    i.vListInsert                            0x080020f4   Section        0  list.o(i.vListInsert)
    i.vListInsertEnd                         0x08002124   Section        0  list.o(i.vListInsertEnd)
    i.vPortEnterCritical                     0x0800213c   Section        0  port.o(i.vPortEnterCritical)
    i.vPortExitCritical                      0x080021b4   Section        0  port.o(i.vPortExitCritical)
    i.vPortFree                              0x08002218   Section        0  heap_4.o(i.vPortFree)
    i.vPortSetupTimerInterrupt               0x080022b4   Section        0  port.o(i.vPortSetupTimerInterrupt)
    i.vPortValidateInterruptPriority         0x080022d4   Section        0  port.o(i.vPortValidateInterruptPriority)
    i.vQueueAddToRegistry                    0x08002360   Section        0  queue.o(i.vQueueAddToRegistry)
    i.vQueueWaitForMessageRestricted         0x08002384   Section        0  queue.o(i.vQueueWaitForMessageRestricted)
    i.vTaskDelay                             0x080023c8   Section        0  tasks.o(i.vTaskDelay)
    i.vTaskDelete                            0x08002434   Section        0  tasks.o(i.vTaskDelete)
    i.vTaskMissedYield                       0x08002500   Section        0  tasks.o(i.vTaskMissedYield)
    i.vTaskPlaceOnEventList                  0x0800250c   Section        0  tasks.o(i.vTaskPlaceOnEventList)
    i.vTaskPlaceOnEventListRestricted        0x08002560   Section        0  tasks.o(i.vTaskPlaceOnEventListRestricted)
    i.vTaskPriorityInherit                   0x080025bc   Section        0  tasks.o(i.vTaskPriorityInherit)
    i.vTaskSetTimeOutState                   0x08002640   Section        0  tasks.o(i.vTaskSetTimeOutState)
    i.vTaskStartScheduler                    0x08002688   Section        0  tasks.o(i.vTaskStartScheduler)
    i.vTaskSuspendAll                        0x0800271c   Section        0  tasks.o(i.vTaskSuspendAll)
    i.vTaskSwitchContext                     0x0800272c   Section        0  tasks.o(i.vTaskSwitchContext)
    i.xPortStartScheduler                    0x080027a8   Section        0  port.o(i.xPortStartScheduler)
    i.xPortSysTickHandler                    0x08002820   Section        0  port.o(i.xPortSysTickHandler)
    i.xQueueGenericCreate                    0x0800284c   Section        0  queue.o(i.xQueueGenericCreate)
    i.xQueueGenericReceive                   0x080028c4   Section        0  queue.o(i.xQueueGenericReceive)
    i.xQueueGenericReset                     0x08002a48   Section        0  queue.o(i.xQueueGenericReset)
    i.xQueueGenericSend                      0x08002af0   Section        0  queue.o(i.xQueueGenericSend)
    i.xQueueGenericSendFromISR               0x08002c78   Section        0  queue.o(i.xQueueGenericSendFromISR)
    i.xTaskCheckForTimeOut                   0x08002d58   Section        0  tasks.o(i.xTaskCheckForTimeOut)
    i.xTaskCreate                            0x08002de0   Section        0  tasks.o(i.xTaskCreate)
    i.xTaskGetSchedulerState                 0x08002e38   Section        0  tasks.o(i.xTaskGetSchedulerState)
    i.xTaskGetTickCount                      0x08002e54   Section        0  tasks.o(i.xTaskGetTickCount)
    i.xTaskIncrementTick                     0x08002e60   Section        0  tasks.o(i.xTaskIncrementTick)
    i.xTaskPriorityDisinherit                0x08002f48   Section        0  tasks.o(i.xTaskPriorityDisinherit)
    i.xTaskRemoveFromEventList               0x08002ffc   Section        0  tasks.o(i.xTaskRemoveFromEventList)
    i.xTaskResumeAll                         0x08003094   Section        0  tasks.o(i.xTaskResumeAll)
    i.xTimerCreate                           0x08003178   Section        0  timers.o(i.xTimerCreate)
    i.xTimerCreateTimerTask                  0x080031ec   Section        0  timers.o(i.xTimerCreateTimerTask)
    i.xTimerGenericCommand                   0x08003260   Section        0  timers.o(i.xTimerGenericCommand)
    .constdata                               0x080032f0   Section       17  __printf_flags_ss_wp.o(.constdata)
    maptable                                 0x080032f0   Data          17  __printf_flags_ss_wp.o(.constdata)
    .data                                    0x20000000   Section        8  main.o(.data)
    .data                                    0x20000008   Section       20  system_stm32f10x.o(.data)
    .data                                    0x2000001c   Section        8  ajsr.o(.data)
    sum                                      0x2000001d   Data           1  ajsr.o(.data)
    measurement                              0x20000020   Data           4  ajsr.o(.data)
    .data                                    0x20000024   Section        4  delay.o(.data)
    fac_us                                   0x20000024   Data           1  delay.o(.data)
    fac_ms                                   0x20000026   Data           2  delay.o(.data)
    .data                                    0x20000028   Section        4  usart.o(.data)
    .data                                    0x2000002c   Section       20  stm32f10x_rcc.o(.data)
    ADCPrescTable                            0x2000002c   Data           4  stm32f10x_rcc.o(.data)
    APBAHBPrescTable                         0x20000030   Data          16  stm32f10x_rcc.o(.data)
    .data                                    0x20000040   Section       60  tasks.o(.data)
    uxDeletedTasksWaitingCleanUp             0x20000044   Data           4  tasks.o(.data)
    uxCurrentNumberOfTasks                   0x20000048   Data           4  tasks.o(.data)
    xTickCount                               0x2000004c   Data           4  tasks.o(.data)
    uxTopReadyPriority                       0x20000050   Data           4  tasks.o(.data)
    xSchedulerRunning                        0x20000054   Data           4  tasks.o(.data)
    uxPendedTicks                            0x20000058   Data           4  tasks.o(.data)
    xYieldPending                            0x2000005c   Data           4  tasks.o(.data)
    xNumOfOverflows                          0x20000060   Data           4  tasks.o(.data)
    uxTaskNumber                             0x20000064   Data           4  tasks.o(.data)
    xNextTaskUnblockTime                     0x20000068   Data           4  tasks.o(.data)
    xIdleTaskHandle                          0x2000006c   Data           4  tasks.o(.data)
    uxSchedulerSuspended                     0x20000070   Data           4  tasks.o(.data)
    pxDelayedTaskList                        0x20000074   Data           4  tasks.o(.data)
    pxOverflowDelayedTaskList                0x20000078   Data           4  tasks.o(.data)
    .data                                    0x2000007c   Section       20  timers.o(.data)
    xTimerQueue                              0x2000007c   Data           4  timers.o(.data)
    xTimerTaskHandle                         0x20000080   Data           4  timers.o(.data)
    xLastTime                                0x20000084   Data           4  timers.o(.data)
    pxCurrentTimerList                       0x20000088   Data           4  timers.o(.data)
    pxOverflowTimerList                      0x2000008c   Data           4  timers.o(.data)
    .data                                    0x20000090   Section       12  port.o(.data)
    ucMaxSysCallPriority                     0x20000090   Data           1  port.o(.data)
    uxCriticalNesting                        0x20000094   Data           4  port.o(.data)
    ulMaxPRIGROUPValue                       0x20000098   Data           4  port.o(.data)
    .data                                    0x2000009c   Section       24  heap_4.o(.data)
    pxEnd                                    0x2000009c   Data           4  heap_4.o(.data)
    xFreeBytesRemaining                      0x200000a0   Data           4  heap_4.o(.data)
    xMinimumEverFreeBytesRemaining           0x200000a4   Data           4  heap_4.o(.data)
    xBlockAllocatedBit                       0x200000a8   Data           4  heap_4.o(.data)
    xStart                                   0x200000ac   Data           8  heap_4.o(.data)
    .bss                                     0x200000b4   Section       64  queue.o(.bss)
    .bss                                     0x200000f4   Section      740  tasks.o(.bss)
    pxReadyTasksLists                        0x200000f4   Data         640  tasks.o(.bss)
    xDelayedTaskList1                        0x20000374   Data          20  tasks.o(.bss)
    xDelayedTaskList2                        0x20000388   Data          20  tasks.o(.bss)
    xPendingReadyList                        0x2000039c   Data          20  tasks.o(.bss)
    xTasksWaitingTermination                 0x200003b0   Data          20  tasks.o(.bss)
    xSuspendedTaskList                       0x200003c4   Data          20  tasks.o(.bss)
    .bss                                     0x200003d8   Section       40  timers.o(.bss)
    xActiveTimerList1                        0x200003d8   Data          20  timers.o(.bss)
    xActiveTimerList2                        0x200003ec   Data          20  timers.o(.bss)
    .bss                                     0x20000400   Section       96  libspace.o(.bss)
    HEAP                                     0x20000460   Section      512  startup_stm32f10x_hd.o(HEAP)
    Heap_Mem                                 0x20000460   Data         512  startup_stm32f10x_hd.o(HEAP)
    STACK                                    0x20000660   Section     1024  startup_stm32f10x_hd.o(STACK)
    Stack_Mem                                0x20000660   Data        1024  startup_stm32f10x_hd.o(STACK)
    __initial_sp                             0x20000a60   Data           0  startup_stm32f10x_hd.o(STACK)
    .ARM.__AT_0x20001000                     0x20001000   Section     2048  usart.o(.ARM.__AT_0x20001000)
    .bss                                     0x20001800   Section    40960  heap_4.o(.bss)
    ucHeap                                   0x20001800   Data       40960  heap_4.o(.bss)

    Global Symbols

    Symbol Name                              Value     Ov Type        Size  Object(Section)

    BuildAttributes$$THM_ISAv4$P$D$K$B$S$PE$A:L22UL41UL21$X:L11$S22US41US21$IEEE1$IW$USESV6$~STKCKD$USESV7$~SHL$OTIME$ROPI$IEEEJ$EBA8$UX$STANDARDLIB$REQ8$PRES8$EABIv2 0x00000000   Number         0  anon$$obj.o ABSOLUTE
    __ARM_use_no_argv                        0x00000000   Number         0  main.o ABSOLUTE
    _printf_flags                            0x00000000   Number         0  printf_stubs.o ABSOLUTE
    _printf_return_value                     0x00000000   Number         0  printf_stubs.o ABSOLUTE
    _printf_sizespec                         0x00000000   Number         0  printf_stubs.o ABSOLUTE
    _printf_widthprec                        0x00000000   Number         0  printf_stubs.o ABSOLUTE
    __ARM_exceptions_init                     - Undefined Weak Reference
    __alloca_initialize                       - Undefined Weak Reference
    __arm_preinit_                            - Undefined Weak Reference
    __cpp_initialize__aeabi_                  - Undefined Weak Reference
    __cxa_finalize                            - Undefined Weak Reference
    __sigvec_lookup                           - Undefined Weak Reference
    _atexit_init                              - Undefined Weak Reference
    _call_atexit_fns                          - Undefined Weak Reference
    _clock_init                               - Undefined Weak Reference
    _fp_trap_init                             - Undefined Weak Reference
    _fp_trap_shutdown                         - Undefined Weak Reference
    _get_lc_collate                           - Undefined Weak Reference
    _get_lc_monetary                          - Undefined Weak Reference
    _get_lc_time                              - Undefined Weak Reference
    _getenv_init                              - Undefined Weak Reference
    _handle_redirection                       - Undefined Weak Reference
    _init_alloc                               - Undefined Weak Reference
    _init_user_alloc                          - Undefined Weak Reference
    _initio                                   - Undefined Weak Reference
    _mutex_acquire                            - Undefined Weak Reference
    _mutex_release                            - Undefined Weak Reference
    _printf_fp_hex                            - Undefined Weak Reference
    _printf_mbtowc                            - Undefined Weak Reference
    _printf_wc                                - Undefined Weak Reference
    _rand_init                                - Undefined Weak Reference
    _signal_finish                            - Undefined Weak Reference
    _signal_init                              - Undefined Weak Reference
    _terminate_alloc                          - Undefined Weak Reference
    _terminate_user_alloc                     - Undefined Weak Reference
    _terminateio                              - Undefined Weak Reference
    __Vectors_Size                           0x00000130   Number         0  startup_stm32f10x_hd.o ABSOLUTE
    __Vectors                                0x08000000   Data           4  startup_stm32f10x_hd.o(RESET)
    __Vectors_End                            0x08000130   Data           0  startup_stm32f10x_hd.o(RESET)
    __main                                   0x08000131   Thumb Code     8  __main.o(!!!main)
    __scatterload                            0x08000139   Thumb Code     0  __scatter.o(!!!scatter)
    __scatterload_rt2                        0x08000139   Thumb Code    44  __scatter.o(!!!scatter)
    __scatterload_rt2_thumb_only             0x08000139   Thumb Code     0  __scatter.o(!!!scatter)
    __scatterload_null                       0x08000147   Thumb Code     0  __scatter.o(!!!scatter)
    __scatterload_copy                       0x0800016d   Thumb Code    26  __scatter_copy.o(!!handler_copy)
    __scatterload_zeroinit                   0x08000189   Thumb Code    28  __scatter_zi.o(!!handler_zi)
    _printf_d                                0x080001a5   Thumb Code     0  _printf_d.o(.ARM.Collect$$_printf_percent$$00000009)
    _printf_percent                          0x080001a5   Thumb Code     0  _printf_percent.o(.ARM.Collect$$_printf_percent$$00000000)
    _printf_s                                0x080001ab   Thumb Code     0  _printf_s.o(.ARM.Collect$$_printf_percent$$00000014)
    _printf_percent_end                      0x080001b1   Thumb Code     0  _printf_percent_end.o(.ARM.Collect$$_printf_percent$$00000017)
    __rt_lib_init                            0x080001b5   Thumb Code     0  libinit.o(.ARM.Collect$$libinit$$00000000)
    __rt_lib_init_alloca_1                   0x080001b7   Thumb Code     0  libinit2.o(.ARM.Collect$$libinit$$0000002E)
    __rt_lib_init_argv_1                     0x080001b7   Thumb Code     0  libinit2.o(.ARM.Collect$$libinit$$0000002C)
    __rt_lib_init_atexit_1                   0x080001b7   Thumb Code     0  libinit2.o(.ARM.Collect$$libinit$$0000001B)
    __rt_lib_init_clock_1                    0x080001b7   Thumb Code     0  libinit2.o(.ARM.Collect$$libinit$$00000021)
    __rt_lib_init_cpp_1                      0x080001b7   Thumb Code     0  libinit2.o(.ARM.Collect$$libinit$$00000032)
    __rt_lib_init_exceptions_1               0x080001b7   Thumb Code     0  libinit2.o(.ARM.Collect$$libinit$$00000030)
    __rt_lib_init_fp_1                       0x080001b7   Thumb Code     0  libinit2.o(.ARM.Collect$$libinit$$00000002)
    __rt_lib_init_fp_trap_1                  0x080001b7   Thumb Code     0  libinit2.o(.ARM.Collect$$libinit$$0000001F)
    __rt_lib_init_getenv_1                   0x080001b7   Thumb Code     0  libinit2.o(.ARM.Collect$$libinit$$00000023)
    __rt_lib_init_heap_1                     0x080001b7   Thumb Code     0  libinit2.o(.ARM.Collect$$libinit$$0000000A)
    __rt_lib_init_lc_collate_1               0x080001b7   Thumb Code     0  libinit2.o(.ARM.Collect$$libinit$$00000011)
    __rt_lib_init_lc_ctype_1                 0x080001b7   Thumb Code     0  libinit2.o(.ARM.Collect$$libinit$$00000013)
    __rt_lib_init_lc_monetary_1              0x080001b7   Thumb Code     0  libinit2.o(.ARM.Collect$$libinit$$00000015)
    __rt_lib_init_lc_numeric_1               0x080001b7   Thumb Code     0  libinit2.o(.ARM.Collect$$libinit$$00000017)
    __rt_lib_init_lc_time_1                  0x080001b7   Thumb Code     0  libinit2.o(.ARM.Collect$$libinit$$00000019)
    __rt_lib_init_preinit_1                  0x080001b7   Thumb Code     0  libinit2.o(.ARM.Collect$$libinit$$00000004)
    __rt_lib_init_rand_1                     0x080001b7   Thumb Code     0  libinit2.o(.ARM.Collect$$libinit$$0000000E)
    __rt_lib_init_return                     0x080001b7   Thumb Code     0  libinit2.o(.ARM.Collect$$libinit$$00000033)
    __rt_lib_init_signal_1                   0x080001b7   Thumb Code     0  libinit2.o(.ARM.Collect$$libinit$$0000001D)
    __rt_lib_init_stdio_1                    0x080001b7   Thumb Code     0  libinit2.o(.ARM.Collect$$libinit$$00000025)
    __rt_lib_init_user_alloc_1               0x080001b7   Thumb Code     0  libinit2.o(.ARM.Collect$$libinit$$0000000C)
    __rt_lib_shutdown                        0x080001b9   Thumb Code     0  libshutdown.o(.ARM.Collect$$libshutdown$$00000000)
    __rt_lib_shutdown_fp_trap_1              0x080001bb   Thumb Code     0  libshutdown2.o(.ARM.Collect$$libshutdown$$00000006)
    __rt_lib_shutdown_heap_1                 0x080001bb   Thumb Code     0  libshutdown2.o(.ARM.Collect$$libshutdown$$0000000E)
    __rt_lib_shutdown_return                 0x080001bb   Thumb Code     0  libshutdown2.o(.ARM.Collect$$libshutdown$$0000000F)
    __rt_lib_shutdown_signal_1               0x080001bb   Thumb Code     0  libshutdown2.o(.ARM.Collect$$libshutdown$$00000009)
    __rt_lib_shutdown_stdio_1                0x080001bb   Thumb Code     0  libshutdown2.o(.ARM.Collect$$libshutdown$$00000003)
    __rt_lib_shutdown_user_alloc_1           0x080001bb   Thumb Code     0  libshutdown2.o(.ARM.Collect$$libshutdown$$0000000B)
    __rt_entry                               0x080001bd   Thumb Code     0  __rtentry.o(.ARM.Collect$$rtentry$$00000000)
    __rt_entry_presh_1                       0x080001bd   Thumb Code     0  __rtentry2.o(.ARM.Collect$$rtentry$$00000002)
    __rt_entry_sh                            0x080001bd   Thumb Code     0  __rtentry4.o(.ARM.Collect$$rtentry$$00000004)
    __rt_entry_li                            0x080001c3   Thumb Code     0  __rtentry2.o(.ARM.Collect$$rtentry$$0000000A)
    __rt_entry_postsh_1                      0x080001c3   Thumb Code     0  __rtentry2.o(.ARM.Collect$$rtentry$$00000009)
    __rt_entry_main                          0x080001c7   Thumb Code     0  __rtentry2.o(.ARM.Collect$$rtentry$$0000000D)
    __rt_entry_postli_1                      0x080001c7   Thumb Code     0  __rtentry2.o(.ARM.Collect$$rtentry$$0000000C)
    __rt_exit                                0x080001cf   Thumb Code     0  rtexit.o(.ARM.Collect$$rtexit$$00000000)
    __rt_exit_ls                             0x080001d1   Thumb Code     0  rtexit2.o(.ARM.Collect$$rtexit$$00000003)
    __rt_exit_prels_1                        0x080001d1   Thumb Code     0  rtexit2.o(.ARM.Collect$$rtexit$$00000002)
    __rt_exit_exit                           0x080001d5   Thumb Code     0  rtexit2.o(.ARM.Collect$$rtexit$$00000004)
    SVC_Handler                              0x080001dd   Thumb Code    32  port.o(.emb_text)
    __asm___6_port_c_39a90d8d__prvStartFirstTask 0x08000201   Thumb Code    28  port.o(.emb_text)
    PendSV_Handler                           0x08000221   Thumb Code    72  port.o(.emb_text)
    vPortGetIPSR                             0x0800026d   Thumb Code     6  port.o(.emb_text)
    Reset_Handler                            0x08000275   Thumb Code     8  startup_stm32f10x_hd.o(.text)
    ADC1_2_IRQHandler                        0x0800028f   Thumb Code     0  startup_stm32f10x_hd.o(.text)
    ADC3_IRQHandler                          0x0800028f   Thumb Code     0  startup_stm32f10x_hd.o(.text)
    CAN1_RX1_IRQHandler                      0x0800028f   Thumb Code     0  startup_stm32f10x_hd.o(.text)
    CAN1_SCE_IRQHandler                      0x0800028f   Thumb Code     0  startup_stm32f10x_hd.o(.text)
    DMA1_Channel1_IRQHandler                 0x0800028f   Thumb Code     0  startup_stm32f10x_hd.o(.text)
    DMA1_Channel2_IRQHandler                 0x0800028f   Thumb Code     0  startup_stm32f10x_hd.o(.text)
    DMA1_Channel3_IRQHandler                 0x0800028f   Thumb Code     0  startup_stm32f10x_hd.o(.text)
    DMA1_Channel4_IRQHandler                 0x0800028f   Thumb Code     0  startup_stm32f10x_hd.o(.text)
    DMA1_Channel5_IRQHandler                 0x0800028f   Thumb Code     0  startup_stm32f10x_hd.o(.text)
    DMA1_Channel6_IRQHandler                 0x0800028f   Thumb Code     0  startup_stm32f10x_hd.o(.text)
    DMA1_Channel7_IRQHandler                 0x0800028f   Thumb Code     0  startup_stm32f10x_hd.o(.text)
    DMA2_Channel1_IRQHandler                 0x0800028f   Thumb Code     0  startup_stm32f10x_hd.o(.text)
    DMA2_Channel2_IRQHandler                 0x0800028f   Thumb Code     0  startup_stm32f10x_hd.o(.text)
    DMA2_Channel3_IRQHandler                 0x0800028f   Thumb Code     0  startup_stm32f10x_hd.o(.text)
    DMA2_Channel4_5_IRQHandler               0x0800028f   Thumb Code     0  startup_stm32f10x_hd.o(.text)
    EXTI0_IRQHandler                         0x0800028f   Thumb Code     0  startup_stm32f10x_hd.o(.text)
    EXTI15_10_IRQHandler                     0x0800028f   Thumb Code     0  startup_stm32f10x_hd.o(.text)
    EXTI1_IRQHandler                         0x0800028f   Thumb Code     0  startup_stm32f10x_hd.o(.text)
    EXTI2_IRQHandler                         0x0800028f   Thumb Code     0  startup_stm32f10x_hd.o(.text)
    EXTI3_IRQHandler                         0x0800028f   Thumb Code     0  startup_stm32f10x_hd.o(.text)
    EXTI4_IRQHandler                         0x0800028f   Thumb Code     0  startup_stm32f10x_hd.o(.text)
    FLASH_IRQHandler                         0x0800028f   Thumb Code     0  startup_stm32f10x_hd.o(.text)
    FSMC_IRQHandler                          0x0800028f   Thumb Code     0  startup_stm32f10x_hd.o(.text)
    I2C1_ER_IRQHandler                       0x0800028f   Thumb Code     0  startup_stm32f10x_hd.o(.text)
    I2C1_EV_IRQHandler                       0x0800028f   Thumb Code     0  startup_stm32f10x_hd.o(.text)
    I2C2_ER_IRQHandler                       0x0800028f   Thumb Code     0  startup_stm32f10x_hd.o(.text)
    I2C2_EV_IRQHandler                       0x0800028f   Thumb Code     0  startup_stm32f10x_hd.o(.text)
    PVD_IRQHandler                           0x0800028f   Thumb Code     0  startup_stm32f10x_hd.o(.text)
    RCC_IRQHandler                           0x0800028f   Thumb Code     0  startup_stm32f10x_hd.o(.text)
    RTCAlarm_IRQHandler                      0x0800028f   Thumb Code     0  startup_stm32f10x_hd.o(.text)
    RTC_IRQHandler                           0x0800028f   Thumb Code     0  startup_stm32f10x_hd.o(.text)
    SDIO_IRQHandler                          0x0800028f   Thumb Code     0  startup_stm32f10x_hd.o(.text)
    SPI1_IRQHandler                          0x0800028f   Thumb Code     0  startup_stm32f10x_hd.o(.text)
    SPI2_IRQHandler                          0x0800028f   Thumb Code     0  startup_stm32f10x_hd.o(.text)
    SPI3_IRQHandler                          0x0800028f   Thumb Code     0  startup_stm32f10x_hd.o(.text)
    TAMPER_IRQHandler                        0x0800028f   Thumb Code     0  startup_stm32f10x_hd.o(.text)
    TIM1_BRK_IRQHandler                      0x0800028f   Thumb Code     0  startup_stm32f10x_hd.o(.text)
    TIM1_CC_IRQHandler                       0x0800028f   Thumb Code     0  startup_stm32f10x_hd.o(.text)
    TIM1_TRG_COM_IRQHandler                  0x0800028f   Thumb Code     0  startup_stm32f10x_hd.o(.text)
    TIM1_UP_IRQHandler                       0x0800028f   Thumb Code     0  startup_stm32f10x_hd.o(.text)
    TIM2_IRQHandler                          0x0800028f   Thumb Code     0  startup_stm32f10x_hd.o(.text)
    TIM4_IRQHandler                          0x0800028f   Thumb Code     0  startup_stm32f10x_hd.o(.text)
    TIM6_IRQHandler                          0x0800028f   Thumb Code     0  startup_stm32f10x_hd.o(.text)
    TIM7_IRQHandler                          0x0800028f   Thumb Code     0  startup_stm32f10x_hd.o(.text)
    TIM8_BRK_IRQHandler                      0x0800028f   Thumb Code     0  startup_stm32f10x_hd.o(.text)
    TIM8_CC_IRQHandler                       0x0800028f   Thumb Code     0  startup_stm32f10x_hd.o(.text)
    TIM8_TRG_COM_IRQHandler                  0x0800028f   Thumb Code     0  startup_stm32f10x_hd.o(.text)
    TIM8_UP_IRQHandler                       0x0800028f   Thumb Code     0  startup_stm32f10x_hd.o(.text)
    UART4_IRQHandler                         0x0800028f   Thumb Code     0  startup_stm32f10x_hd.o(.text)
    USART1_IRQHandler                        0x0800028f   Thumb Code     0  startup_stm32f10x_hd.o(.text)
    USART2_IRQHandler                        0x0800028f   Thumb Code     0  startup_stm32f10x_hd.o(.text)
    USBWakeUp_IRQHandler                     0x0800028f   Thumb Code     0  startup_stm32f10x_hd.o(.text)
    USB_HP_CAN1_TX_IRQHandler                0x0800028f   Thumb Code     0  startup_stm32f10x_hd.o(.text)
    USB_LP_CAN1_RX0_IRQHandler               0x0800028f   Thumb Code     0  startup_stm32f10x_hd.o(.text)
    WWDG_IRQHandler                          0x0800028f   Thumb Code     0  startup_stm32f10x_hd.o(.text)
    __user_initial_stackheap                 0x08000291   Thumb Code     0  startup_stm32f10x_hd.o(.text)
    __use_no_semihosting                     0x080002b5   Thumb Code     2  use_no_semi_2.o(.text)
    __2printf                                0x080002b9   Thumb Code    20  __2printf.o(.text)
    _printf_str                              0x080002d1   Thumb Code    82  _printf_str.o(.text)
    _printf_int_dec                          0x08000325   Thumb Code   104  _printf_dec.o(.text)
    __printf                                 0x0800039d   Thumb Code   388  __printf_flags_ss_wp.o(.text)
    __aeabi_memcpy                           0x08000525   Thumb Code     0  rt_memcpy_v6.o(.text)
    __rt_memcpy                              0x08000525   Thumb Code   138  rt_memcpy_v6.o(.text)
    _memcpy_lastbytes                        0x0800058b   Thumb Code     0  rt_memcpy_v6.o(.text)
    __aeabi_memset                           0x080005af   Thumb Code    16  aeabi_memset.o(.text)
    __use_two_region_memory                  0x080005bf   Thumb Code     2  heapauxi.o(.text)
    __rt_heap_escrow$2region                 0x080005c1   Thumb Code     2  heapauxi.o(.text)
    __rt_heap_expand$2region                 0x080005c3   Thumb Code     2  heapauxi.o(.text)
    __I$use$semihosting                      0x080005c5   Thumb Code     0  use_no_semi.o(.text)
    __use_no_semihosting_swi                 0x080005c5   Thumb Code     2  use_no_semi.o(.text)
    _printf_int_common                       0x080005c7   Thumb Code   178  _printf_intcommon.o(.text)
    _printf_char_common                      0x08000683   Thumb Code    32  _printf_char_common.o(.text)
    _printf_cs_common                        0x080006a9   Thumb Code    20  _printf_char.o(.text)
    _printf_char                             0x080006bd   Thumb Code    16  _printf_char.o(.text)
    _printf_string                           0x080006cd   Thumb Code     8  _printf_char.o(.text)
    _printf_char_file                        0x080006d5   Thumb Code    32  _printf_char_file.o(.text)
    __aeabi_memcpy4                          0x080006f9   Thumb Code     0  rt_memcpy_w.o(.text)
    __aeabi_memcpy8                          0x080006f9   Thumb Code     0  rt_memcpy_w.o(.text)
    __rt_memcpy_w                            0x080006f9   Thumb Code   100  rt_memcpy_w.o(.text)
    _memcpy_lastbytes_aligned                0x08000741   Thumb Code     0  rt_memcpy_w.o(.text)
    __aeabi_memclr                           0x0800075d   Thumb Code     0  rt_memclr.o(.text)
    __rt_memclr                              0x0800075d   Thumb Code    68  rt_memclr.o(.text)
    _memset                                  0x08000761   Thumb Code     0  rt_memclr.o(.text)
    ferror                                   0x080007a1   Thumb Code     8  ferror.o(.text)
    __aeabi_memclr4                          0x080007a9   Thumb Code     0  rt_memclr_w.o(.text)
    __aeabi_memclr8                          0x080007a9   Thumb Code     0  rt_memclr_w.o(.text)
    __rt_memclr_w                            0x080007a9   Thumb Code    78  rt_memclr_w.o(.text)
    _memset_w                                0x080007ad   Thumb Code     0  rt_memclr_w.o(.text)
    __user_setup_stackheap                   0x080007f7   Thumb Code    74  sys_stackheap_outer.o(.text)
    exit                                     0x08000841   Thumb Code    12  exit.o(.text)
    __user_libspace                          0x0800084d   Thumb Code     8  libspace.o(.text)
    __user_perproc_libspace                  0x0800084d   Thumb Code     0  libspace.o(.text)
    __user_perthread_libspace                0x0800084d   Thumb Code     0  libspace.o(.text)
    BusFault_Handler                         0x08000855   Thumb Code     2  stm32f10x_it.o(i.BusFault_Handler)
    CAN_FilterInit                           0x08000859   Thumb Code   194  stm32f10x_can.o(i.CAN_FilterInit)
    CAN_Init                                 0x08000925   Thumb Code   232  stm32f10x_can.o(i.CAN_Init)
    CAN_MessagePending                       0x08000a0d   Thumb Code    22  stm32f10x_can.o(i.CAN_MessagePending)
    CAN_Mode_Init                            0x08000a25   Thumb Code   208  can.o(i.CAN_Mode_Init)
    CAN_Receive                              0x08000afd   Thumb Code   142  stm32f10x_can.o(i.CAN_Receive)
    CAN_Transmit                             0x08000b8b   Thumb Code   164  stm32f10x_can.o(i.CAN_Transmit)
    CAN_TransmitStatus                       0x08000c31   Thumb Code    88  stm32f10x_can.o(i.CAN_TransmitStatus)
    Can_Receive_Msg                          0x08000c9d   Thumb Code    60  can.o(i.Can_Receive_Msg)
    Can_Send_Msg                             0x08000cdd   Thumb Code    94  can.o(i.Can_Send_Msg)
    DebugMon_Handler                         0x08000d41   Thumb Code     2  stm32f10x_it.o(i.DebugMon_Handler)
    EXTI6_CMD                                0x08000d43   Thumb Code    66  ajsr.o(i.EXTI6_CMD)
    EXTI9_5_IRQHandler                       0x08000d85   Thumb Code    76  ajsr.o(i.EXTI9_5_IRQHandler)
    EXTI_ClearITPendingBit                   0x08000ddd   Thumb Code     6  stm32f10x_exti.o(i.EXTI_ClearITPendingBit)
    EXTI_GetITStatus                         0x08000de9   Thumb Code    28  stm32f10x_exti.o(i.EXTI_GetITStatus)
    EXTI_Init                                0x08000e09   Thumb Code   108  stm32f10x_exti.o(i.EXTI_Init)
    GPIO_Init                                0x08000e79   Thumb Code   156  stm32f10x_gpio.o(i.GPIO_Init)
    GPIO_PinRemapConfig                      0x08000f15   Thumb Code    82  stm32f10x_gpio.o(i.GPIO_PinRemapConfig)
    GPIO_ReadInputDataBit                    0x08000f6d   Thumb Code    14  stm32f10x_gpio.o(i.GPIO_ReadInputDataBit)
    GPIO_ResetBits                           0x08000f7b   Thumb Code     4  stm32f10x_gpio.o(i.GPIO_ResetBits)
    GPIO_SetBits                             0x08000f7f   Thumb Code     4  stm32f10x_gpio.o(i.GPIO_SetBits)
    HardFault_Handler                        0x08000f83   Thumb Code     2  stm32f10x_it.o(i.HardFault_Handler)
    Initial_UART1                            0x08000f85   Thumb Code   150  usart.o(i.Initial_UART1)
    LED_Init                                 0x08001025   Thumb Code    98  led.o(i.LED_Init)
    MemManage_Handler                        0x08001091   Thumb Code     2  stm32f10x_it.o(i.MemManage_Handler)
    NMI_Handler                              0x08001093   Thumb Code     2  stm32f10x_it.o(i.NMI_Handler)
    NVIC_Init                                0x08001095   Thumb Code    94  misc.o(i.NVIC_Init)
    NVIC_PriorityGroupConfig                 0x080010f9   Thumb Code    10  misc.o(i.NVIC_PriorityGroupConfig)
    RCC_APB1PeriphClockCmd                   0x0800110d   Thumb Code    18  stm32f10x_rcc.o(i.RCC_APB1PeriphClockCmd)
    RCC_APB2PeriphClockCmd                   0x08001125   Thumb Code    18  stm32f10x_rcc.o(i.RCC_APB2PeriphClockCmd)
    RCC_GetClocksFreq                        0x0800113d   Thumb Code   132  stm32f10x_rcc.o(i.RCC_GetClocksFreq)
    SysTick_CLKSourceConfig                  0x08001279   Thumb Code    24  misc.o(i.SysTick_CLKSourceConfig)
    SysTick_Handler                          0x08001291   Thumb Code    20  delay.o(i.SysTick_Handler)
    SystemInit                               0x080012a5   Thumb Code    64  system_stm32f10x.o(i.SystemInit)
    TIM3_IRQHandler                          0x080012f5   Thumb Code    34  timer.o(i.TIM3_IRQHandler)
    TIM5_IRQHandler                          0x08001331   Thumb Code    34  timer.o(i.TIM5_IRQHandler)
    TIM_ClearITPendingBit                    0x0800136d   Thumb Code     6  stm32f10x_tim.o(i.TIM_ClearITPendingBit)
    TIM_Cmd                                  0x08001373   Thumb Code    20  stm32f10x_tim.o(i.TIM_Cmd)
    TIM_GetCounter                           0x08001387   Thumb Code     4  stm32f10x_tim.o(i.TIM_GetCounter)
    TIM_GetITStatus                          0x0800138b   Thumb Code    24  stm32f10x_tim.o(i.TIM_GetITStatus)
    TIM_SetCounter                           0x080013a3   Thumb Code     4  stm32f10x_tim.o(i.TIM_SetCounter)
    UART5_IRQHandler                         0x080013a7   Thumb Code     2  usart.o(i.UART5_IRQHandler)
    USART3_IRQHandler                        0x080013a9   Thumb Code   110  ajsr.o(i.USART3_IRQHandler)
    USART_ClearITPendingBit                  0x08001421   Thumb Code    12  stm32f10x_usart.o(i.USART_ClearITPendingBit)
    USART_Cmd                                0x0800142d   Thumb Code    20  stm32f10x_usart.o(i.USART_Cmd)
    USART_GetITStatus                        0x08001441   Thumb Code    62  stm32f10x_usart.o(i.USART_GetITStatus)
    USART_Init                               0x08001481   Thumb Code   166  stm32f10x_usart.o(i.USART_Init)
    USART_ReceiveData                        0x0800152d   Thumb Code     8  stm32f10x_usart.o(i.USART_ReceiveData)
    UsageFault_Handler                       0x08001535   Thumb Code     2  stm32f10x_it.o(i.UsageFault_Handler)
    _is_digit                                0x08001537   Thumb Code    14  __printf_wp.o(i._is_digit)
    _sys_exit                                0x08001545   Thumb Code     2  usart.o(i._sys_exit)
    can_task                                 0x08001549   Thumb Code   112  main.o(i.can_task)
    delay_init                               0x080015f9   Thumb Code    60  delay.o(i.delay_init)
    fputc                                    0x08001641   Thumb Code    18  usart.o(i.fputc)
    main                                     0x08001659   Thumb Code    68  main.o(i.main)
    pvPortMalloc                             0x08001f15   Thumb Code   214  heap_4.o(i.pvPortMalloc)
    pvTaskIncrementMutexHeldCount            0x08002029   Thumb Code    18  tasks.o(i.pvTaskIncrementMutexHeldCount)
    pxPortInitialiseStack                    0x08002041   Thumb Code    32  port.o(i.pxPortInitialiseStack)
    start_task                               0x08002065   Thumb Code    54  main.o(i.start_task)
    uxListRemove                             0x080020b5   Thumb Code    36  list.o(i.uxListRemove)
    vListInitialise                          0x080020d9   Thumb Code    22  list.o(i.vListInitialise)
    vListInitialiseItem                      0x080020ef   Thumb Code     6  list.o(i.vListInitialiseItem)
    vListInsert                              0x080020f5   Thumb Code    48  list.o(i.vListInsert)
    vListInsertEnd                           0x08002125   Thumb Code    24  list.o(i.vListInsertEnd)
    vPortEnterCritical                       0x0800213d   Thumb Code    50  port.o(i.vPortEnterCritical)
    vPortExitCritical                        0x080021b5   Thumb Code    34  port.o(i.vPortExitCritical)
    vPortFree                                0x08002219   Thumb Code    94  heap_4.o(i.vPortFree)
    vPortSetupTimerInterrupt                 0x080022b5   Thumb Code    26  port.o(i.vPortSetupTimerInterrupt)
    vPortValidateInterruptPriority           0x080022d5   Thumb Code    70  port.o(i.vPortValidateInterruptPriority)
    vQueueAddToRegistry                      0x08002361   Thumb Code    32  queue.o(i.vQueueAddToRegistry)
    vQueueWaitForMessageRestricted           0x08002385   Thumb Code    68  queue.o(i.vQueueWaitForMessageRestricted)
    vTaskDelay                               0x080023c9   Thumb Code    62  tasks.o(i.vTaskDelay)
    vTaskDelete                              0x08002435   Thumb Code   152  tasks.o(i.vTaskDelete)
    vTaskMissedYield                         0x08002501   Thumb Code     8  tasks.o(i.vTaskMissedYield)
    vTaskPlaceOnEventList                    0x0800250d   Thumb Code    44  tasks.o(i.vTaskPlaceOnEventList)
    vTaskPlaceOnEventListRestricted          0x08002561   Thumb Code    52  tasks.o(i.vTaskPlaceOnEventListRestricted)
    vTaskPriorityInherit                     0x080025bd   Thumb Code   124  tasks.o(i.vTaskPriorityInherit)
    vTaskSetTimeOutState                     0x08002641   Thumb Code    30  tasks.o(i.vTaskSetTimeOutState)
    vTaskStartScheduler                      0x08002689   Thumb Code    96  tasks.o(i.vTaskStartScheduler)
    vTaskSuspendAll                          0x0800271d   Thumb Code    10  tasks.o(i.vTaskSuspendAll)
    vTaskSwitchContext                       0x0800272d   Thumb Code    80  tasks.o(i.vTaskSwitchContext)
    xPortStartScheduler                      0x080027a9   Thumb Code   108  port.o(i.xPortStartScheduler)
    xPortSysTickHandler                      0x08002821   Thumb Code    38  port.o(i.xPortSysTickHandler)
    xQueueGenericCreate                      0x0800284d   Thumb Code    82  queue.o(i.xQueueGenericCreate)
    xQueueGenericReceive                     0x080028c5   Thumb Code   348  queue.o(i.xQueueGenericReceive)
    xQueueGenericReset                       0x08002a49   Thumb Code   128  queue.o(i.xQueueGenericReset)
    xQueueGenericSend                        0x08002af1   Thumb Code   350  queue.o(i.xQueueGenericSend)
    xQueueGenericSendFromISR                 0x08002c79   Thumb Code   188  queue.o(i.xQueueGenericSendFromISR)
    xTaskCheckForTimeOut                     0x08002d59   Thumb Code    94  tasks.o(i.xTaskCheckForTimeOut)
    xTaskCreate                              0x08002de1   Thumb Code    86  tasks.o(i.xTaskCreate)
    xTaskGetSchedulerState                   0x08002e39   Thumb Code    22  tasks.o(i.xTaskGetSchedulerState)
    xTaskGetTickCount                        0x08002e55   Thumb Code     6  tasks.o(i.xTaskGetTickCount)
    xTaskIncrementTick                       0x08002e61   Thumb Code   188  tasks.o(i.xTaskIncrementTick)
    xTaskPriorityDisinherit                  0x08002f49   Thumb Code   136  tasks.o(i.xTaskPriorityDisinherit)
    xTaskRemoveFromEventList                 0x08002ffd   Thumb Code   102  tasks.o(i.xTaskRemoveFromEventList)
    xTaskResumeAll                           0x08003095   Thumb Code   180  tasks.o(i.xTaskResumeAll)
    xTimerCreate                             0x08003179   Thumb Code    74  timers.o(i.xTimerCreate)
    xTimerCreateTimerTask                    0x080031ed   Thumb Code    58  timers.o(i.xTimerCreateTimerTask)
    xTimerGenericCommand                     0x08003261   Thumb Code    98  timers.o(i.xTimerGenericCommand)
    Region$$Table$$Base                      0x08003304   Number         0  anon$$obj.o(Region$$Table)
    Region$$Table$$Limit                     0x08003324   Number         0  anon$$obj.o(Region$$Table)
    StartTask_Handler                        0x20000000   Data           4  main.o(.data)
    CANTask_Handler                          0x20000004   Data           4  main.o(.data)
    SystemCoreClock                          0x20000008   Data           4  system_stm32f10x.o(.data)
    AHBPrescTable                            0x2000000c   Data          16  system_stm32f10x.o(.data)
    uart3_start                              0x2000001c   Data           1  ajsr.o(.data)
    uart_distance                            0x2000001e   Data           2  ajsr.o(.data)
    __stdout                                 0x20000028   Data           4  usart.o(.data)
    pxCurrentTCB                             0x20000040   Data           4  tasks.o(.data)
    xQueueRegistry                           0x200000b4   Data          64  queue.o(.bss)
    __libspace_start                         0x20000400   Data          96  libspace.o(.bss)
    __temporary_stack_top$libspace           0x20000460   Data           0  libspace.o(.bss)
    USART5_RX_BUF                            0x20001000   Data        2048  usart.o(.ARM.__AT_0x20001000)



==============================================================================

Memory Map of the image

  Image Entry point : 0x08000131

  Load Region LR_IROM1 (Base: 0x08000000, Size: 0x000033d8, Max: 0x00080000, ABSOLUTE)

    Execution Region ER_IROM1 (Base: 0x08000000, Size: 0x00003324, Max: 0x00080000, ABSOLUTE)

    Base Addr    Size         Type   Attr      Idx    E Section Name        Object

    0x08000000   0x00000130   Data   RO          700    RESET               startup_stm32f10x_hd.o
    0x08000130   0x00000008   Code   RO         3506  * !!!main             c_w.l(__main.o)
    0x08000138   0x00000034   Code   RO         3814    !!!scatter          c_w.l(__scatter.o)
    0x0800016c   0x0000001a   Code   RO         3816    !!handler_copy      c_w.l(__scatter_copy.o)
    0x08000186   0x00000002   PAD
    0x08000188   0x0000001c   Code   RO         3818    !!handler_zi        c_w.l(__scatter_zi.o)
    0x080001a4   0x00000000   Code   RO         3495    .ARM.Collect$$_printf_percent$$00000000  c_w.l(_printf_percent.o)
    0x080001a4   0x00000006   Code   RO         3493    .ARM.Collect$$_printf_percent$$00000009  c_w.l(_printf_d.o)
    0x080001aa   0x00000006   Code   RO         3491    .ARM.Collect$$_printf_percent$$00000014  c_w.l(_printf_s.o)
    0x080001b0   0x00000004   Code   RO         3574    .ARM.Collect$$_printf_percent$$00000017  c_w.l(_printf_percent_end.o)
    0x080001b4   0x00000002   Code   RO         3680    .ARM.Collect$$libinit$$00000000  c_w.l(libinit.o)
    0x080001b6   0x00000000   Code   RO         3698    .ARM.Collect$$libinit$$00000002  c_w.l(libinit2.o)
    0x080001b6   0x00000000   Code   RO         3700    .ARM.Collect$$libinit$$00000004  c_w.l(libinit2.o)
    0x080001b6   0x00000000   Code   RO         3703    .ARM.Collect$$libinit$$0000000A  c_w.l(libinit2.o)
    0x080001b6   0x00000000   Code   RO         3705    .ARM.Collect$$libinit$$0000000C  c_w.l(libinit2.o)
    0x080001b6   0x00000000   Code   RO         3707    .ARM.Collect$$libinit$$0000000E  c_w.l(libinit2.o)
    0x080001b6   0x00000000   Code   RO         3710    .ARM.Collect$$libinit$$00000011  c_w.l(libinit2.o)
    0x080001b6   0x00000000   Code   RO         3712    .ARM.Collect$$libinit$$00000013  c_w.l(libinit2.o)
    0x080001b6   0x00000000   Code   RO         3714    .ARM.Collect$$libinit$$00000015  c_w.l(libinit2.o)
    0x080001b6   0x00000000   Code   RO         3716    .ARM.Collect$$libinit$$00000017  c_w.l(libinit2.o)
    0x080001b6   0x00000000   Code   RO         3718    .ARM.Collect$$libinit$$00000019  c_w.l(libinit2.o)
    0x080001b6   0x00000000   Code   RO         3720    .ARM.Collect$$libinit$$0000001B  c_w.l(libinit2.o)
    0x080001b6   0x00000000   Code   RO         3722    .ARM.Collect$$libinit$$0000001D  c_w.l(libinit2.o)
    0x080001b6   0x00000000   Code   RO         3724    .ARM.Collect$$libinit$$0000001F  c_w.l(libinit2.o)
    0x080001b6   0x00000000   Code   RO         3726    .ARM.Collect$$libinit$$00000021  c_w.l(libinit2.o)
    0x080001b6   0x00000000   Code   RO         3728    .ARM.Collect$$libinit$$00000023  c_w.l(libinit2.o)
    0x080001b6   0x00000000   Code   RO         3730    .ARM.Collect$$libinit$$00000025  c_w.l(libinit2.o)
    0x080001b6   0x00000000   Code   RO         3734    .ARM.Collect$$libinit$$0000002C  c_w.l(libinit2.o)
    0x080001b6   0x00000000   Code   RO         3736    .ARM.Collect$$libinit$$0000002E  c_w.l(libinit2.o)
    0x080001b6   0x00000000   Code   RO         3738    .ARM.Collect$$libinit$$00000030  c_w.l(libinit2.o)
    0x080001b6   0x00000000   Code   RO         3740    .ARM.Collect$$libinit$$00000032  c_w.l(libinit2.o)
    0x080001b6   0x00000002   Code   RO         3741    .ARM.Collect$$libinit$$00000033  c_w.l(libinit2.o)
    0x080001b8   0x00000002   Code   RO         3759    .ARM.Collect$$libshutdown$$00000000  c_w.l(libshutdown.o)
    0x080001ba   0x00000000   Code   RO         3770    .ARM.Collect$$libshutdown$$00000003  c_w.l(libshutdown2.o)
    0x080001ba   0x00000000   Code   RO         3773    .ARM.Collect$$libshutdown$$00000006  c_w.l(libshutdown2.o)
    0x080001ba   0x00000000   Code   RO         3776    .ARM.Collect$$libshutdown$$00000009  c_w.l(libshutdown2.o)
    0x080001ba   0x00000000   Code   RO         3778    .ARM.Collect$$libshutdown$$0000000B  c_w.l(libshutdown2.o)
    0x080001ba   0x00000000   Code   RO         3781    .ARM.Collect$$libshutdown$$0000000E  c_w.l(libshutdown2.o)
    0x080001ba   0x00000002   Code   RO         3782    .ARM.Collect$$libshutdown$$0000000F  c_w.l(libshutdown2.o)
    0x080001bc   0x00000000   Code   RO         3538    .ARM.Collect$$rtentry$$00000000  c_w.l(__rtentry.o)
    0x080001bc   0x00000000   Code   RO         3602    .ARM.Collect$$rtentry$$00000002  c_w.l(__rtentry2.o)
    0x080001bc   0x00000006   Code   RO         3614    .ARM.Collect$$rtentry$$00000004  c_w.l(__rtentry4.o)
    0x080001c2   0x00000000   Code   RO         3604    .ARM.Collect$$rtentry$$00000009  c_w.l(__rtentry2.o)
    0x080001c2   0x00000004   Code   RO         3605    .ARM.Collect$$rtentry$$0000000A  c_w.l(__rtentry2.o)
    0x080001c6   0x00000000   Code   RO         3607    .ARM.Collect$$rtentry$$0000000C  c_w.l(__rtentry2.o)
    0x080001c6   0x00000008   Code   RO         3608    .ARM.Collect$$rtentry$$0000000D  c_w.l(__rtentry2.o)
    0x080001ce   0x00000002   Code   RO         3690    .ARM.Collect$$rtexit$$00000000  c_w.l(rtexit.o)
    0x080001d0   0x00000000   Code   RO         3743    .ARM.Collect$$rtexit$$00000002  c_w.l(rtexit2.o)
    0x080001d0   0x00000004   Code   RO         3744    .ARM.Collect$$rtexit$$00000003  c_w.l(rtexit2.o)
    0x080001d4   0x00000006   Code   RO         3745    .ARM.Collect$$rtexit$$00000004  c_w.l(rtexit2.o)
    0x080001da   0x00000002   PAD
    0x080001dc   0x00000096   Code   RO         3303    .emb_text           port.o
    0x08000272   0x00000002   PAD
    0x08000274   0x00000040   Code   RO          701    .text               startup_stm32f10x_hd.o
    0x080002b4   0x00000002   Code   RO         3431    .text               c_w.l(use_no_semi_2.o)
    0x080002b6   0x00000002   PAD
    0x080002b8   0x00000018   Code   RO         3435    .text               c_w.l(__2printf.o)
    0x080002d0   0x00000052   Code   RO         3445    .text               c_w.l(_printf_str.o)
    0x08000322   0x00000002   PAD
    0x08000324   0x00000078   Code   RO         3447    .text               c_w.l(_printf_dec.o)
    0x0800039c   0x00000188   Code   RO         3487    .text               c_w.l(__printf_flags_ss_wp.o)
    0x08000524   0x0000008a   Code   RO         3500    .text               c_w.l(rt_memcpy_v6.o)
    0x080005ae   0x00000010   Code   RO         3502    .text               c_w.l(aeabi_memset.o)
    0x080005be   0x00000006   Code   RO         3504    .text               c_w.l(heapauxi.o)
    0x080005c4   0x00000002   Code   RO         3536    .text               c_w.l(use_no_semi.o)
    0x080005c6   0x000000b2   Code   RO         3543    .text               c_w.l(_printf_intcommon.o)
    0x08000678   0x00000030   Code   RO         3547    .text               c_w.l(_printf_char_common.o)
    0x080006a8   0x0000002c   Code   RO         3551    .text               c_w.l(_printf_char.o)
    0x080006d4   0x00000024   Code   RO         3553    .text               c_w.l(_printf_char_file.o)
    0x080006f8   0x00000064   Code   RO         3584    .text               c_w.l(rt_memcpy_w.o)
    0x0800075c   0x00000044   Code   RO         3586    .text               c_w.l(rt_memclr.o)
    0x080007a0   0x00000008   Code   RO         3624    .text               c_w.l(ferror.o)
    0x080007a8   0x0000004e   Code   RO         3630    .text               c_w.l(rt_memclr_w.o)
    0x080007f6   0x0000004a   Code   RO         3634    .text               c_w.l(sys_stackheap_outer.o)
    0x08000840   0x0000000c   Code   RO         3673    .text               c_w.l(exit.o)
    0x0800084c   0x00000008   Code   RO         3687    .text               c_w.l(libspace.o)
    0x08000854   0x00000002   Code   RO          192    i.BusFault_Handler  stm32f10x_it.o
    0x08000856   0x00000002   PAD
    0x08000858   0x000000cc   Code   RO         2300    i.CAN_FilterInit    stm32f10x_can.o
    0x08000924   0x000000e8   Code   RO         2307    i.CAN_Init          stm32f10x_can.o
    0x08000a0c   0x00000016   Code   RO         2308    i.CAN_MessagePending  stm32f10x_can.o
    0x08000a22   0x00000002   PAD
    0x08000a24   0x000000d8   Code   RO          490    i.CAN_Mode_Init     can.o
    0x08000afc   0x0000008e   Code   RO         2310    i.CAN_Receive       stm32f10x_can.o
    0x08000b8a   0x000000a4   Code   RO         2315    i.CAN_Transmit      stm32f10x_can.o
    0x08000c2e   0x00000002   PAD
    0x08000c30   0x0000006c   Code   RO         2316    i.CAN_TransmitStatus  stm32f10x_can.o
    0x08000c9c   0x00000040   Code   RO          491    i.Can_Receive_Msg   can.o
    0x08000cdc   0x00000064   Code   RO          492    i.Can_Send_Msg      can.o
    0x08000d40   0x00000002   Code   RO          193    i.DebugMon_Handler  stm32f10x_it.o
    0x08000d42   0x00000042   Code   RO          415    i.EXTI6_CMD         ajsr.o
    0x08000d84   0x00000058   Code   RO          416    i.EXTI9_5_IRQHandler  ajsr.o
    0x08000ddc   0x0000000c   Code   RO         2163    i.EXTI_ClearITPendingBit  stm32f10x_exti.o
    0x08000de8   0x00000020   Code   RO         2167    i.EXTI_GetITStatus  stm32f10x_exti.o
    0x08000e08   0x00000070   Code   RO         2168    i.EXTI_Init         stm32f10x_exti.o
    0x08000e78   0x0000009c   Code   RO          747    i.GPIO_Init         stm32f10x_gpio.o
    0x08000f14   0x00000058   Code   RO          749    i.GPIO_PinRemapConfig  stm32f10x_gpio.o
    0x08000f6c   0x0000000e   Code   RO          751    i.GPIO_ReadInputDataBit  stm32f10x_gpio.o
    0x08000f7a   0x00000004   Code   RO          754    i.GPIO_ResetBits    stm32f10x_gpio.o
    0x08000f7e   0x00000004   Code   RO          755    i.GPIO_SetBits      stm32f10x_gpio.o
    0x08000f82   0x00000002   Code   RO          194    i.HardFault_Handler  stm32f10x_it.o
    0x08000f84   0x000000a0   Code   RO          606    i.Initial_UART1     usart.o
    0x08001024   0x0000006c   Code   RO          297    i.LED_Init          led.o
    0x08001090   0x00000002   Code   RO          195    i.MemManage_Handler  stm32f10x_it.o
    0x08001092   0x00000002   Code   RO          196    i.NMI_Handler       stm32f10x_it.o
    0x08001094   0x00000064   Code   RO          705    i.NVIC_Init         misc.o
    0x080010f8   0x00000014   Code   RO          706    i.NVIC_PriorityGroupConfig  misc.o
    0x0800110c   0x00000018   Code   RO          857    i.RCC_APB1PeriphClockCmd  stm32f10x_rcc.o
    0x08001124   0x00000018   Code   RO          859    i.RCC_APB2PeriphClockCmd  stm32f10x_rcc.o
    0x0800113c   0x00000094   Code   RO          867    i.RCC_GetClocksFreq  stm32f10x_rcc.o
    0x080011d0   0x000000a8   Code   RO          267    i.SetSysClockTo72   system_stm32f10x.o
    0x08001278   0x00000018   Code   RO          709    i.SysTick_CLKSourceConfig  misc.o
    0x08001290   0x00000014   Code   RO          520    i.SysTick_Handler   delay.o
    0x080012a4   0x00000050   Code   RO          269    i.SystemInit        system_stm32f10x.o
    0x080012f4   0x0000003c   Code   RO          314    i.TIM3_IRQHandler   timer.o
    0x08001330   0x0000003c   Code   RO          316    i.TIM5_IRQHandler   timer.o
    0x0800136c   0x00000006   Code   RO         1244    i.TIM_ClearITPendingBit  stm32f10x_tim.o
    0x08001372   0x00000014   Code   RO         1249    i.TIM_Cmd           stm32f10x_tim.o
    0x08001386   0x00000004   Code   RO         1268    i.TIM_GetCounter    stm32f10x_tim.o
    0x0800138a   0x00000018   Code   RO         1270    i.TIM_GetITStatus   stm32f10x_tim.o
    0x080013a2   0x00000004   Code   RO         1314    i.TIM_SetCounter    stm32f10x_tim.o
    0x080013a6   0x00000002   Code   RO          608    i.UART5_IRQHandler  usart.o
    0x080013a8   0x00000078   Code   RO          421    i.USART3_IRQHandler  ajsr.o
    0x08001420   0x0000000c   Code   RO         1056    i.USART_ClearITPendingBit  stm32f10x_usart.o
    0x0800142c   0x00000014   Code   RO         1059    i.USART_Cmd         stm32f10x_usart.o
    0x08001440   0x0000003e   Code   RO         1063    i.USART_GetITStatus  stm32f10x_usart.o
    0x0800147e   0x00000002   PAD
    0x08001480   0x000000ac   Code   RO         1066    i.USART_Init        stm32f10x_usart.o
    0x0800152c   0x00000008   Code   RO         1073    i.USART_ReceiveData  stm32f10x_usart.o
    0x08001534   0x00000002   Code   RO          197    i.UsageFault_Handler  stm32f10x_it.o
    0x08001536   0x0000000e   Code   RO         3480    i._is_digit         c_w.l(__printf_wp.o)
    0x08001544   0x00000002   Code   RO          609    i._sys_exit         usart.o
    0x08001546   0x00000002   PAD
    0x08001548   0x000000b0   Code   RO            1    i.can_task          main.o
    0x080015f8   0x00000048   Code   RO          521    i.delay_init        delay.o
    0x08001640   0x00000018   Code   RO          611    i.fputc             usart.o
    0x08001658   0x00000058   Code   RO            2    i.main              main.o
    0x080016b0   0x00000070   Code   RO         2827    i.prvAddCurrentTaskToDelayedList  tasks.o
    0x08001720   0x000000d0   Code   RO         2828    i.prvAddNewTaskToReadyList  tasks.o
    0x080017f0   0x00000050   Code   RO         3183    i.prvCheckForValidListAndQueue  timers.o
    0x08001840   0x00000054   Code   RO         2829    i.prvCheckTasksWaitingTermination  tasks.o
    0x08001894   0x00000026   Code   RO         2609    i.prvCopyDataFromQueue  queue.o
    0x080018ba   0x0000006c   Code   RO         2610    i.prvCopyDataToQueue  queue.o
    0x08001926   0x00000014   Code   RO         2830    i.prvDeleteTCB      tasks.o
    0x0800193a   0x00000002   PAD
    0x0800193c   0x0000004c   Code   RO         3380    i.prvHeapInit       heap_4.o
    0x08001988   0x00000028   Code   RO         2831    i.prvIdleTask       tasks.o
    0x080019b0   0x000000c0   Code   RO         2832    i.prvInitialiseNewTask  tasks.o
    0x08001a70   0x0000004c   Code   RO         3381    i.prvInsertBlockIntoFreeList  heap_4.o
    0x08001abc   0x00000038   Code   RO         3184    i.prvInsertTimerInActiveList  timers.o
    0x08001af4   0x0000001a   Code   RO         2611    i.prvIsQueueEmpty   queue.o
    0x08001b0e   0x00000002   PAD
    0x08001b10   0x00000090   Code   RO         2612    i.prvNotifyQueueSetContainer  queue.o
    0x08001ba0   0x00000060   Code   RO         3185    i.prvProcessExpiredTimer  timers.o
    0x08001c00   0x000000f0   Code   RO         3186    i.prvProcessReceivedCommands  timers.o
    0x08001cf0   0x0000006c   Code   RO         3187    i.prvProcessTimerOrBlockTask  timers.o
    0x08001d5c   0x00000020   Code   RO         2834    i.prvResetNextTaskUnblockTime  tasks.o
    0x08001d7c   0x00000028   Code   RO         3188    i.prvSampleTimeNow  timers.o
    0x08001da4   0x0000006c   Code   RO         3189    i.prvSwitchTimerLists  timers.o
    0x08001e10   0x00000064   Code   RO         3304    i.prvTaskExitError  port.o
    0x08001e74   0x00000028   Code   RO         3190    i.prvTimerTask      timers.o
    0x08001e9c   0x00000078   Code   RO         2613    i.prvUnlockQueue    queue.o
    0x08001f14   0x00000114   Code   RO         3382    i.pvPortMalloc      heap_4.o
    0x08002028   0x00000018   Code   RO         2837    i.pvTaskIncrementMutexHeldCount  tasks.o
    0x08002040   0x00000024   Code   RO         3305    i.pxPortInitialiseStack  port.o
    0x08002064   0x00000050   Code   RO            3    i.start_task        main.o
    0x080020b4   0x00000024   Code   RO         2572    i.uxListRemove      list.o
    0x080020d8   0x00000016   Code   RO         2573    i.vListInitialise   list.o
    0x080020ee   0x00000006   Code   RO         2574    i.vListInitialiseItem  list.o
    0x080020f4   0x00000030   Code   RO         2575    i.vListInsert       list.o
    0x08002124   0x00000018   Code   RO         2576    i.vListInsertEnd    list.o
    0x0800213c   0x00000078   Code   RO         3307    i.vPortEnterCritical  port.o
    0x080021b4   0x00000064   Code   RO         3308    i.vPortExitCritical  port.o
    0x08002218   0x0000009c   Code   RO         3383    i.vPortFree         heap_4.o
    0x080022b4   0x00000020   Code   RO         3309    i.vPortSetupTimerInterrupt  port.o
    0x080022d4   0x0000008c   Code   RO         3310    i.vPortValidateInterruptPriority  port.o
    0x08002360   0x00000024   Code   RO         2619    i.vQueueAddToRegistry  queue.o
    0x08002384   0x00000044   Code   RO         2623    i.vQueueWaitForMessageRestricted  queue.o
    0x080023c8   0x0000006c   Code   RO         2846    i.vTaskDelay        tasks.o
    0x08002434   0x000000cc   Code   RO         2848    i.vTaskDelete       tasks.o
    0x08002500   0x0000000c   Code   RO         2852    i.vTaskMissedYield  tasks.o
    0x0800250c   0x00000054   Code   RO         2854    i.vTaskPlaceOnEventList  tasks.o
    0x08002560   0x0000005c   Code   RO         2855    i.vTaskPlaceOnEventListRestricted  tasks.o
    0x080025bc   0x00000084   Code   RO         2857    i.vTaskPriorityInherit  tasks.o
    0x08002640   0x00000048   Code   RO         2861    i.vTaskSetTimeOutState  tasks.o
    0x08002688   0x00000094   Code   RO         2862    i.vTaskStartScheduler  tasks.o
    0x0800271c   0x00000010   Code   RO         2864    i.vTaskSuspendAll   tasks.o
    0x0800272c   0x0000007c   Code   RO         2865    i.vTaskSwitchContext  tasks.o
    0x080027a8   0x00000078   Code   RO         3311    i.xPortStartScheduler  port.o
    0x08002820   0x0000002c   Code   RO         3312    i.xPortSysTickHandler  port.o
    0x0800284c   0x00000078   Code   RO         2628    i.xQueueGenericCreate  queue.o
    0x080028c4   0x00000184   Code   RO         2629    i.xQueueGenericReceive  queue.o
    0x08002a48   0x000000a8   Code   RO         2630    i.xQueueGenericReset  queue.o
    0x08002af0   0x00000188   Code   RO         2631    i.xQueueGenericSend  queue.o
    0x08002c78   0x000000e0   Code   RO         2632    i.xQueueGenericSendFromISR  queue.o
    0x08002d58   0x00000088   Code   RO         2866    i.xTaskCheckForTimeOut  tasks.o
    0x08002de0   0x00000056   Code   RO         2867    i.xTaskCreate       tasks.o
    0x08002e36   0x00000002   PAD
    0x08002e38   0x0000001c   Code   RO         2871    i.xTaskGetSchedulerState  tasks.o
    0x08002e54   0x0000000c   Code   RO         2872    i.xTaskGetTickCount  tasks.o
    0x08002e60   0x000000e8   Code   RO         2874    i.xTaskIncrementTick  tasks.o
    0x08002f48   0x000000b4   Code   RO         2877    i.xTaskPriorityDisinherit  tasks.o
    0x08002ffc   0x00000098   Code   RO         2878    i.xTaskRemoveFromEventList  tasks.o
    0x08003094   0x000000e4   Code   RO         2880    i.xTaskResumeAll    tasks.o
    0x08003178   0x00000074   Code   RO         3193    i.xTimerCreate      timers.o
    0x080031ec   0x00000074   Code   RO         3194    i.xTimerCreateTimerTask  timers.o
    0x08003260   0x00000090   Code   RO         3195    i.xTimerGenericCommand  timers.o
    0x080032f0   0x00000011   Data   RO         3488    .constdata          c_w.l(__printf_flags_ss_wp.o)
    0x08003301   0x00000003   PAD
    0x08003304   0x00000020   Data   RO         3812    Region$$Table       anon$$obj.o


    Execution Region RW_IRAM1 (Base: 0x20000000, Size: 0x0000b800, Max: 0x00010000, ABSOLUTE)

    Base Addr    Size         Type   Attr      Idx    E Section Name        Object

    0x20000000   0x00000008   Data   RW            4    .data               main.o
    0x20000008   0x00000014   Data   RW          270    .data               system_stm32f10x.o
    0x2000001c   0x00000008   Data   RW          422    .data               ajsr.o
    0x20000024   0x00000004   Data   RW          525    .data               delay.o
    0x20000028   0x00000004   Data   RW          618    .data               usart.o
    0x2000002c   0x00000014   Data   RW          887    .data               stm32f10x_rcc.o
    0x20000040   0x0000003c   Data   RW         2883    .data               tasks.o
    0x2000007c   0x00000014   Data   RW         3203    .data               timers.o
    0x20000090   0x0000000c   Data   RW         3313    .data               port.o
    0x2000009c   0x00000018   Data   RW         3388    .data               heap_4.o
    0x200000b4   0x00000040   Zero   RW         2643    .bss                queue.o
    0x200000f4   0x000002e4   Zero   RW         2882    .bss                tasks.o
    0x200003d8   0x00000028   Zero   RW         3202    .bss                timers.o
    0x20000400   0x00000060   Zero   RW         3688    .bss                c_w.l(libspace.o)
    0x20000460   0x00000200   Zero   RW          699    HEAP                startup_stm32f10x_hd.o
    0x20000660   0x00000400   Zero   RW          698    STACK               startup_stm32f10x_hd.o
    0x20000a60   0x000005a0   PAD
    0x20001000   0x00000800   Zero   RW          613    .ARM.__AT_0x20001000  usart.o
    0x20001800   0x0000a000   Zero   RW         3387    .bss                heap_4.o


==============================================================================

Image component sizes


      Code (inc. data)   RO Data    RW Data    ZI Data      Debug   Object Name

       274         22          0          8          0       2465   ajsr.o
       380         18          0          0          0       2573   can.o
        92         12          0          4          0       1211   delay.o
         0          0          0          0          0      11780   event_groups.o
       584        138          0         24      40960       3671   heap_4.o
       108         10          0          0          0        531   led.o
       136          0          0          0          0       2838   list.o
       344        110          0          8          0     277659   main.o
       144         16          0          0          0       1965   misc.o
       842        312          0         12          0      10045   port.o
      1832        236          0          0         64      11081   queue.o
        64         26        304          0       1536        788   startup_stm32f10x_hd.o
       872         30          0          0          0       5135   stm32f10x_can.o
       156         14          0          0          0       2060   stm32f10x_exti.o
       266          6          0          0          0       4034   stm32f10x_gpio.o
        12          0          0          0          0       2481   stm32f10x_it.o
       196         28          0         20          0       4362   stm32f10x_rcc.o
        58          0          0          0          0       3949   stm32f10x_tim.o
       274          6          0          0          0       4499   stm32f10x_usart.o
         0          0          0          0          0         32   sys.o
       248         24          0         20          0       1729   system_stm32f10x.o
      2758        670          0         60        740      27475   tasks.o
       120         52          0          0          0        980   timer.o
      1144        260          0         20         40       8582   timers.o
       188         16          0          4       2048       4760   usart.o

    ----------------------------------------------------------------------
     11110       2006        336        180      46828     396685   Object Totals
         0          0         32          0          0          0   (incl. Generated)
        18          0          0          0       1440          0   (incl. Padding)

    ----------------------------------------------------------------------

      Code (inc. data)   RO Data    RW Data    ZI Data      Debug   Library Member Name

        24          4          0          0          0         84   __2printf.o
         8          0          0          0          0         68   __main.o
       392          4         17          0          0         92   __printf_flags_ss_wp.o
        14          0          0          0          0         68   __printf_wp.o
         0          0          0          0          0          0   __rtentry.o
        12          0          0          0          0          0   __rtentry2.o
         6          0          0          0          0          0   __rtentry4.o
        52          8          0          0          0          0   __scatter.o
        26          0          0          0          0          0   __scatter_copy.o
        28          0          0          0          0          0   __scatter_zi.o
        44          0          0          0          0        108   _printf_char.o
        48          6          0          0          0         96   _printf_char_common.o
        36          4          0          0          0         80   _printf_char_file.o
         6          0          0          0          0          0   _printf_d.o
       120         16          0          0          0         92   _printf_dec.o
       178          0          0          0          0         88   _printf_intcommon.o
         0          0          0          0          0          0   _printf_percent.o
         4          0          0          0          0          0   _printf_percent_end.o
         6          0          0          0          0          0   _printf_s.o
        82          0          0          0          0         80   _printf_str.o
        16          0          0          0          0         68   aeabi_memset.o
        12          0          0          0          0         72   exit.o
         8          0          0          0          0         68   ferror.o
         6          0          0          0          0        152   heapauxi.o
         2          0          0          0          0          0   libinit.o
         2          0          0          0          0          0   libinit2.o
         2          0          0          0          0          0   libshutdown.o
         2          0          0          0          0          0   libshutdown2.o
         8          4          0          0         96         68   libspace.o
        68          0          0          0          0         68   rt_memclr.o
        78          0          0          0          0         80   rt_memclr_w.o
       138          0          0          0          0         68   rt_memcpy_v6.o
       100          0          0          0          0         80   rt_memcpy_w.o
         2          0          0          0          0          0   rtexit.o
        10          0          0          0          0          0   rtexit2.o
        74          0          0          0          0         80   sys_stackheap_outer.o
         2          0          0          0          0         68   use_no_semi.o
         2          0          0          0          0         68   use_no_semi_2.o

    ----------------------------------------------------------------------
      1626         46         20          0         96       1796   Library Totals
         8          0          3          0          0          0   (incl. Padding)

    ----------------------------------------------------------------------

      Code (inc. data)   RO Data    RW Data    ZI Data      Debug   Library Name

      1618         46         17          0         96       1796   c_w.l

    ----------------------------------------------------------------------
      1626         46         20          0         96       1796   Library Totals

    ----------------------------------------------------------------------

==============================================================================


      Code (inc. data)   RO Data    RW Data    ZI Data      Debug   

     12736       2052        356        180      46924     391405   Grand Totals
     12736       2052        356        180      46924     391405   ELF Image Totals
     12736       2052        356        180          0          0   ROM Totals

==============================================================================

    Total RO  Size (Code + RO Data)                13092 (  12.79kB)
    Total RW  Size (RW Data + ZI Data)             47104 (  46.00kB)
    Total ROM Size (Code + RO Data + RW Data)      13272 (  12.96kB)

==============================================================================

