<html>
<body>
<pre>
<h1>礦ision Build Log</h1>
<h2>Tool Versions:</h2>
IDE-Version: μVision V5.12.0.0
Copyright (C) 2014 ARM Ltd and ARM Germany GmbH. All rights reserved.
License Information: a a, a, LIC=MPPFW-QKY2K-VDNKA-110PP-Q66J4-TPQS5
 
Tool Versions:
Toolchain:       MDK-ARM Standard  Version: 5.12.0.0
Toolchain Path:  D:\keil5\ARM\ARMCC\Bin
C Compiler:      Armcc.exe V5.05 (build 41)
Assembler:       Armasm.exe V5.05 (build 41)
Linker/Locator:  ArmLink.exe V5.05 (build 41)
Library Manager: ArmAr.exe V5.05 (build 41)
Hex Converter:   FromElf.exe V5.05 (build 41)
CPU DLL:         SARMCM3.DLL V5.12.0.0
Dialog DLL:      DCM.DLL V1.13.0.0
    Target DLL: Segger\JL2CM3.dll
Dialog DLL:      TCM.DLL V1.14.2.0
 
<h2>Project:</h2>
G:\速羽\软硬件资料整理\6.教育版\2.无人驾驶版\FreeRTOS\USER\FreeRTOS.uvprojx
Project File Date:  08/05/2019

<h2>Output:</h2>
Build target 'FreeRTOS'
compiling main.c...
main.c(97): warning:  #177-D: variable "canbuf1" was declared but never referenced
        u8 canbuf1[8] = {0x06,0x00,0x00,0x00,0x00,0x00,0x00,0x00};
main.c(98): warning:  #177-D: variable "canbuf2" was declared but never referenced
        u8 canbuf2[8] = {0x02,0x01,0x00,0x01,0x00,0x00,0x00,0x00};
main.c(99): warning:  #177-D: variable "canbuf3" was declared but never referenced
        u8 canbuf3[8] = {0x07,0x00,0x00,0x00,0x00,0x00,0x00,0x00};
main.c(100): warning:  #177-D: variable "canbuf4" was declared but never referenced
        u8 canbuf4[8] = {0x0F,0x00,0x00,0x00,0x00,0x00,0x00,0x00};
main.c(101): warning:  #177-D: variable "canbuf5" was declared but never referenced
        u8 canbuf5[8] = {0x1F,0x00,0x00,0x00,0xff,0x3f,0x00,0x00};
main.c(102): warning:  #177-D: variable "canbuf6" was declared but never referenced
        u8 canbuf6[8] = {0x1F,0x00,0x00,0x00,0xff,0x1f,0x00,0x00};
main.c: 6 warnings, 0 errors
linking...
Program Size: Code=12736 RO-data=356 RW-data=180 ZI-data=46924  
FromELF: creating hex file...
"..\OBJ\Arrowy.axf" - 0 Error(s), 6 Warning(s).

<h2>Collection of Component include folders:</h2>
  G:\速羽\软硬件资料整理\6.教育版\2.无人驾驶版\FreeRTOS\USER\RTE
  D:\keil5\ARM\PACK\Keil\STM32F1xx_DFP\1.0.4\Device\Include

<h2>Collection of Component Files used:</h2>
Load "..\\OBJ\\Arrowy.axf" 
Set JLink Project File to "G:\速羽\软硬件资料整理\6.教育版\2.无人驾驶版\FreeRTOS\USER\JLinkSettings.ini"
* JLink Info: Device "STM32F103RE" selected (512 KB flash, 64 KB RAM).
 
JLink info:
------------
DLL: V4.91b, compiled Sep 15 2014 09:17:56
Firmware: J-Link ARM V8 compiled Nov 28 2014 13:44:46
Hardware: V8.00
S/N : 286370559 
Feature(s) : RDI,FlashDL,FlashBP,JFlash 
 
* JLink Info: Found SWD-DP with ID 0x1BA01477
* JLink Info: Found SWD-DP with ID 0x1BA01477
* JLink Info: Found Cortex-M3 r1p1, Little endian.
* JLink Info: FPUnit: 6 code (BP) slots and 2 literal slots
* JLink Info: TPIU fitted.
* JLink Info: ETM fitted.
ROMTableAddr = 0xE00FF003
 
Target info:
------------
Device: STM32F103RE
VTarget = 3.371V
State of Pins: 
TCK: 0, TDI: 1, TDO: 1, TMS: 1, TRES: 1, TRST: 1
Hardware-Breakpoints: 6
Software-Breakpoints: 8192
Watchpoints:          4
JTAG speed: 1000 kHz
 
Erase Done.
Programming Done.
Verify OK.
Application running ...
</pre>
</body>
</html>
d: 1000 kHz
 
Erase Done.
Programming Done.
Verify OK.
Application running ...
Hz
 
Erase Done.
Programming Done.
Verify OK.
Application running ...
